b01	pdbart: the keepTrees sampling phase is skipped again (the #	28s	KILLERS=1	test-pdbart-keeptrees.R(FAIL=ERR bartcore_predict: the saved-tree store holds no recorded draws; run the sampler with keepTrees on before reading from it)
b02	summary.bartNegbin drops 'dispersion' from its default vars	28s	KILLERS=1	test-summary-nondefault-families.R(FAIL=1 test-summary-nondefault-families.R :48-48)
b03	summary.bartOrdinal drops 'cutpoints' from its default vars	28s	KILLERS=1	test-summary-nondefault-families.R(FAIL=2 test-summary-nondefault-families.R :35-35;test-summary-nondefault-families.R :36-36)
b11	x/y weights length check dropped	27s	KILLERS=1	test-data-errors.R(FAIL=1 test-data-errors.R :113-120)
b12	ordinal minimum-category refusal dropped	27s	KILLERS=0	
b13	nbinom integrality refusal on a fixed dispersion dropped	26s	KILLERS=1	test-nbinom.R(FAIL=1 test-nbinom.R :207-210)
b14	nbinom positivity refusal on a fixed dispersion dropped	27s	KILLERS=1	test-nbinom.R(FAIL=1 test-nbinom.R :211-214)
b15	rbart_vi group.by type refusal dropped	27s	KILLERS=0	
b16	makeModelMatrix factor indicator becomes cumulative, not one	41s	KILLERS=1	test-makeModelMatrix.R(FAIL=5 test-makeModelMatrix.R :29-29;test-makeModelMatrix.R :30-30;test-makeModelMatrix.R :164-164;test-makeModelMatrix.R :360-)
b17	named prior sd is not rescaled by the k in force	41s	KILLERS=1	test-calibration-creation.R(FAIL=1 test-calibration-creation.R :290-298)
b18	named prior sd under a k hyperprior is silently honored inst	27s	KILLERS=1	test-calibration-creation.R(FAIL=3 test-calibration-creation.R :277-277;test-calibration-creation.R :278-278;test-calibration-creation.R :459-471)
d01	multinomial train category offset added instead of subtracte	41s	KILLERS=1	test-multinomial-category-offset.R(FAIL=1 test-multinomial-category-offset.R :173-173)
d02	BCF per-forest residual drops the other forests' multipliers	41s	KILLERS=1	test-forest-weights-r5.R(FAIL=1 test-forest-weights-r5.R :207-207)
d03	BCF near-zero multiplier snap narrowed to exact zero	41s	KILLERS=0	
d04	sparseFactor level codes not shifted to 0-based for the engi	39s	KILLERS=2	test-capi.R(FAIL=ERR categorical predictors must hold integer category codes in [0, 65535)); test-sparse-factor.R(FAIL=ERR categorical predictors must hold integer category codes in [0, 65535))
d05	sparseVector row indices not shifted to 0-based	26s	KILLERS=3	test-data-mixed.R(FAIL=3 test-data-mixed.R :41-41;test-data-mixed.R :56-56;test-data-mixed.R :362-365); test-sparse-factor.R(FAIL=ERR invalid class "dgCMatrix" object: 'i' slot has elements not in {0,...,Dim[1]-1}); test-data-mixed-mutation.R(FAIL=ERR invalid class "dgCMatrix" object: 'i' slot has elements not in {0,...,Dim[1]-1})
d06	xbart rmse loss ignores the case weights	26s	KILLERS=0	
d07	xbart mcr loss ignores the case weights	26s	KILLERS=0	
d08	warm start always installs the donor's FIRST saved variance 	41s	KILLERS=1	test-heteroscedastic-warm-start.R(FAIL=2 test-heteroscedastic-warm-start.R :80-80;test-heteroscedastic-warm-start.R :175-175)
d09	rbart aft weights refusal dropped	50s	KILLERS=0	
d10	starting-sigma sparse fallback (and its warning) removed	31s	KILLERS=1	test-data-mixed.R(FAIL=2 test-data-mixed.R :137-143;test-data-mixed.R :474-477)
d11	getTrees(current = TRUE) reads the saved store instead of th	27s	KILLERS=0	
d12	packageBartResults never treats a fit as binary	26s	KILLERS=3	test-hurdle.R(FAIL=4 test-hurdle.R :122-122;test-hurdle.R :127-127;test-hurdle.R :130-130;test-hurdle.R :137-137); test-predict-blend.R(FAIL=2 test-predict-blend.R :100-105;test-predict-blend.R :107-112); test-weighted-binary-ppd.R(FAIL=6 test-weighted-binary-ppd.R :41-41;test-weighted-binary-ppd.R :49-49;test-weighted-binary-ppd.R :54-54;test-weighted-bina)
e01	print.bart's synopsis always reports family gaussian	26s	KILLERS=0	
e02	print.bart's synopsis prints n.chains under the n.trees labe	26s	KILLERS=0	
e03	setControl stops treating n.trees as creation-fixed	26s	KILLERS=3	test-bartcore.R(FAIL=1 test-bartcore.R :865-865); test-forest-basis-r5.R(FAIL=2 test-forest-basis-r5.R :256-259;test-forest-basis-r5.R :260-263); test-sampler-bridge-errors.R(FAIL=1 test-sampler-bridge-errors.R :43-51)
e04	setControl stops requiring n.samples under keepTrees	26s	KILLERS=1	test-sampler-bridge-errors.R(FAIL=1 test-sampler-bridge-errors.R :64-73)
e05	bridge: setTestOffset without test predictors is no longer r	40s	KILLERS=1	test-sampler-bridge-errors.R(FAIL=1 test-sampler-bridge-errors.R :27-30)
e06	test-offset resolution error text replaced	41s	KILLERS=0	
e07	unknown-dots diagnostic loses its nearest-formal suggestion	26s	KILLERS=1	test-argument-surface.R(FAIL=2 test-argument-surface.R :387-387;test-argument-surface.R :388-391)
e08	sampleFromPPD stops normalizing a combined-stored sigma to t	26s	KILLERS=0	
f01	block-additive column mask no longer restricts a tree's spli	40s	KILLERS=5	test-bcf-creation.R(FAIL=1 test-bcf-creation.R :175-175); test-bcf.R(FAIL=2 test-bcf.R :268-268;test-bcf.R :298-298); test-blocks.R(FAIL=9 test-blocks.R :68-68;test-blocks.R :75-75;test-blocks.R :79-79;test-blocks.R :111-111;test-blocks.R :138-142;test-blocks); test-heteroscedastic-warm-start.R(FAIL=4 test-heteroscedastic-warm-start.R :231-231;test-heteroscedastic-warm-start.R :234-237;test-heteroscedastic-warm-start.R ); test-bcf-reporting.R(FAIL=1 test-bcf-reporting.R :216-216)
CHAIN-COMPLETE
