== arm bcf  nTrees=200 n=200 R=100 L=200 thin=90 ==
  self-checks: sigma PASS glue PASS
  [bcf] rep 25/100  509.2s  20.37s/rep  (map R2=1.00000)
  [bcf] rep 50/100  1036.9s  20.74s/rep  (map R2=1.00000)
  [bcf] rep 75/100  1537.3s  20.50s/rep  (map R2=1.00000)
  [bcf] rep 100/100  2115.2s  21.15s/rep  (map R2=1.00000)
Warning message:
In summary.lm(fit) : essentially perfect fit: summary may be unreliable

SBC report: family=gaussian n=200 p=3 nTrees=200 | R=100 L=200 thin=90 burn=800
wall-clock: 2115.2s total, 21.152s/rep; band alpha = 0.05000

functional   chisqP      ksP  ecdfDiff     band verdict
sigma         0.496    0.333    0.0925   0.1323   PASS
a             0.348    0.752    0.0664   0.1323   PASS
abs.a         0.496    0.063    0.1270   0.1323   PASS
b1.minus.b0    0.142    0.152    0.1122   0.1323   PASS
abs.diff      0.806    0.950    0.0516   0.1323   PASS
prog1         0.371    0.041    0.1371   0.1323   FLAG
eff1          0.828    0.902    0.0545   0.1323   PASS
prog2         0.522    0.683    0.0701   0.1323   PASS
eff2          0.246    0.470    0.0828   0.1323   PASS
prog3         0.930    0.709    0.0669   0.1323   PASS
eff3          0.038    0.726    0.0664   0.1323   PASS
prog4         0.091    0.276    0.0973   0.1323   PASS
eff4          0.100    0.865    0.0569   0.1323   PASS
prog5         0.962    0.431    0.0864   0.1323   PASS
eff5          0.181    0.299    0.0966   0.1323   PASS

Rank histograms:

[sigma]
  (expected 5.0 per bin, uniform)
    0-  9 | ###############################          7
   10- 19 | ##################                       4
   20- 29 | ####################################     8
   30- 39 | #############                            3
   40- 49 | ######################                   5
   50- 59 | #########                                2
   60- 69 | ##################                       4
   70- 79 | #########                                2
   80- 89 | ##################                       4
   90- 99 | #########                                2
  100-110 | ####################################     8
  111-120 | ###############################          7
  121-130 | ######################                   5
  131-140 | #############                            3
  141-150 | ##################                       4
  151-160 | ####################################     8
  161-170 | ######################################## 9
  171-180 | ###########################              6
  181-190 | ##################                       4
  191-200 | ######################                   5 

[a]
  (expected 5.0 per bin, uniform)
    0-  9 | ######################################## 9
   10- 19 | #############                            3
   20- 29 | ###############################          7
   30- 39 | ######################                   5
   40- 49 | ###############################          7
   50- 59 | ##################                       4
   60- 69 | #############                            3
   70- 79 | ##################                       4
   80- 89 | ##################                       4
   90- 99 | #############                            3
  100-110 | ###########################              6
  111-120 | ####                                     1
  121-130 | ###########################              6
  131-140 | ####################################     8
  141-150 | ###############################          7
  151-160 | ####                                     1
  161-170 | ###############################          7
  171-180 | #############                            3
  181-190 | ##################                       4
  191-200 | ####################################     8 

[abs.a]
  (expected 5.0 per bin, uniform)
    0-  9 | ##############################           6
   10- 19 | ##############################           6
   20- 29 | ######################################## 8
   30- 39 | #########################                5
   40- 49 | ####################                     4
   50- 59 | ######################################## 8
   60- 69 | ###################################      7
   70- 79 | ######################################## 8
   80- 89 | #####                                    1
   90- 99 | ####################                     4
  100-110 | ##############################           6
  111-120 | ###############                          3
  121-130 | ##########                               2
  131-140 | ####################                     4
  141-150 | ##############################           6
  151-160 | #####                                    1
  161-170 | ##############################           6
  171-180 | #########################                5
  181-190 | ###############                          3
  191-200 | ###################################      7 

[b1.minus.b0]
  (expected 5.0 per bin, uniform)
    0-  9 | ######################################## 11
   10- 19 | ##################                       5
   20- 29 | ###############                          4
   30- 39 | ###########                              3
   40- 49 | ######################                   6
   50- 59 | #################################        9
   60- 69 | ######################                   6
   70- 79 | #########################                7
   80- 89 | ###############                          4
   90- 99 | ###########                              3
  100-110 | ###########                              3
  111-120 | ####                                     1
  121-130 | ###########                              3
  131-140 | ###############                          4
  141-150 | #######                                  2
  151-160 | #################################        9
  161-170 | #########################                7
  171-180 | ###############                          4
  181-190 | ###########                              3
  191-200 | ######################                   6 

[abs.diff]
  (expected 5.0 per bin, uniform)
    0-  9 | ######################################## 8
   10- 19 | ##########                               2
   20- 29 | ###############                          3
   30- 39 | #########################                5
   40- 49 | ###################################      7
   50- 59 | ######################################## 8
   60- 69 | ##############################           6
   70- 79 | ###############                          3
   80- 89 | ####################                     4
   90- 99 | ###############                          3
  100-110 | #########################                5
  111-120 | ##########                               2
  121-130 | ##############################           6
  131-140 | ##############################           6
  141-150 | ####################                     4
  151-160 | ######################################## 8
  161-170 | #########################                5
  171-180 | #########################                5
  181-190 | ##############################           6
  191-200 | ####################                     4 

[prog1]
  (expected 5.0 per bin, uniform)
    0-  9 | ####################################     8
   10- 19 | ##################                       4
   20- 29 | ###########################              6
   30- 39 | #############                            3
   40- 49 | ###############################          7
   50- 59 | ######################################## 9
   60- 69 | ####################################     8
   70- 79 | ######################################## 9
   80- 89 | #############                            3
   90- 99 | ######################                   5
  100-110 | ####                                     1
  111-120 | ######################                   5
  121-130 | ###########################              6
  131-140 | #########                                2
  141-150 | ##################                       4
  151-160 | ##################                       4
  161-170 | ######################                   5
  171-180 | ##################                       4
  181-190 | #########                                2
  191-200 | ######################                   5 

[eff1]
  (expected 5.0 per bin, uniform)
    0-  9 | #########                                2
   10- 19 | ##################                       4
   20- 29 | ##################                       4
   30- 39 | ####################################     8
   40- 49 | ######################################## 9
   50- 59 | ###########################              6
   60- 69 | ###########################              6
   70- 79 | ##################                       4
   80- 89 | ##################                       4
   90- 99 | ###############################          7
  100-110 | #############                            3
  111-120 | ###############################          7
  121-130 | #############                            3
  131-140 | ##################                       4
  141-150 | #############                            3
  151-160 | ######################                   5
  161-170 | ###############################          7
  171-180 | ######################                   5
  181-190 | ##################                       4
  191-200 | ######################                   5 

[prog2]
  (expected 5.0 per bin, uniform)
    0-  9 | ######################################## 11
   10- 19 |                                          0
   20- 29 | ######################                   6
   30- 39 | ###############                          4
   40- 49 | ######################                   6
   50- 59 | ######################                   6
   60- 69 | ######################                   6
   70- 79 | ###############                          4
   80- 89 | ###############                          4
   90- 99 | ##################                       5
  100-110 | ###########                              3
  111-120 | ######################                   6
  121-130 | ###############                          4
  131-140 | ##################                       5
  141-150 | #########################                7
  151-160 | ######################                   6
  161-170 | #######                                  2
  171-180 | ###############                          4
  181-190 | ##################                       5
  191-200 | ######################                   6 

[eff2]
  (expected 5.0 per bin, uniform)
    0-  9 | ########################                 6
   10- 19 | ############                             3
   20- 29 | ####################                     5
   30- 39 | ################                         4
   40- 49 | ######################################## 10
   50- 59 | ########                                 2
   60- 69 | ################################         8
   70- 79 | ####################                     5
   80- 89 | ############################             7
   90- 99 | ########################                 6
  100-110 | ############################             7
  111-120 | ################                         4
  121-130 | ################                         4
  131-140 | ############                             3
  141-150 | ####                                     1
  151-160 | ######################################## 10
  161-170 | ####################                     5
  171-180 | ############                             3
  181-190 | ################                         4
  191-200 | ############                             3 

[prog3]
  (expected 5.0 per bin, uniform)
    0-  9 | ######################                   5
   10- 19 | ##################                       4
   20- 29 | ###############################          7
   30- 39 | #############                            3
   40- 49 | ###########################              6
   50- 59 | ##################                       4
   60- 69 | ######################                   5
   70- 79 | ######################################## 9
   80- 89 | #########                                2
   90- 99 | #############                            3
  100-110 | #############                            3
  111-120 | ##################                       4
  121-130 | ###########################              6
  131-140 | ###########################              6
  141-150 | ###############################          7
  151-160 | ###########################              6
  161-170 | ##################                       4
  171-180 | ######################                   5
  181-190 | ######################                   5
  191-200 | ###########################              6 

[eff3]
  (expected 5.0 per bin, uniform)
    0-  9 | ###############                          4
   10- 19 | ##################                       5
   20- 29 | #############################            8
   30- 39 | ####                                     1
   40- 49 | ######################################## 11
   50- 59 | ######################                   6
   60- 69 | ##################                       5
   70- 79 | ###############                          4
   80- 89 | ##################                       5
   90- 99 | ###############                          4
  100-110 | ###############                          4
  111-120 | #######                                  2
  121-130 | ####################################     10
  131-140 | ######################                   6
  141-150 | ###############                          4
  151-160 | #######                                  2
  161-170 | ####                                     1
  171-180 | ####################################     10
  181-190 | ###########                              3
  191-200 | ##################                       5 

[prog4]
  (expected 5.0 per bin, uniform)
    0-  9 | ##################                       6
   10- 19 | ##################                       6
   20- 29 | ######                                   2
   30- 39 | #########                                3
   40- 49 | #########################                8
   50- 59 | ############                             4
   60- 69 | ###############                          5
   70- 79 | ##################                       6
   80- 89 | ###                                      1
   90- 99 | #########                                3
  100-110 | ###############                          5
  111-120 | #########                                3
  121-130 | ######################                   7
  131-140 | ############                             4
  141-150 | #########################                8
  151-160 | ##################                       6
  161-170 | ######################################## 13
  171-180 | #########                                3
  181-190 | ############                             4
  191-200 | #########                                3 

[eff4]
  (expected 5.0 per bin, uniform)
    0-  9 | ##################                       5
   10- 19 | ##################                       5
   20- 29 | ###########                              3
   30- 39 | #########################                7
   40- 49 | ######################                   6
   50- 59 | ###########                              3
   60- 69 | ######################################## 11
   70- 79 | ###############                          4
   80- 89 | ###########                              3
   90- 99 | #######                                  2
  100-110 | #######                                  2
  111-120 | #############################            8
  121-130 | #######                                  2
  131-140 | ######################################## 11
  141-150 | ##################                       5
  151-160 | ##################                       5
  161-170 | ######################                   6
  171-180 | ###########                              3
  181-190 | ######################                   6
  191-200 | ###########                              3 

[prog5]
  (expected 5.0 per bin, uniform)
    0-  9 | ######################################## 7
   10- 19 | #############################            5
   20- 29 | #############################            5
   30- 39 | ##################################       6
   40- 49 | ######################################## 7
   50- 59 | ######################################## 7
   60- 69 | #######################                  4
   70- 79 | #######################                  4
   80- 89 | #######################                  4
   90- 99 | #############################            5
  100-110 | ######################################## 7
  111-120 | #############################            5
  121-130 | #################                        3
  131-140 | #############################            5
  141-150 | #######################                  4
  151-160 | ##################################       6
  161-170 | ######                                   1
  171-180 | ##################################       6
  181-190 | #################                        3
  191-200 | ##################################       6 

[eff5]
  (expected 5.0 per bin, uniform)
    0-  9 | ##################                       5
   10- 19 | ####################################     10
   20- 29 | ###############                          4
   30- 39 | ###############                          4
   40- 49 | ######################                   6
   50- 59 | ######################################## 11
   60- 69 | ###############                          4
   70- 79 | ###############                          4
   80- 89 | ######################                   6
   90- 99 | ###########                              3
  100-110 | ####                                     1
  111-120 | #########################                7
  121-130 | ####                                     1
  131-140 | #######                                  2
  141-150 | ######################                   6
  151-160 | ###############                          4
  161-170 | ##################                       5
  171-180 | ##################                       5
  181-190 | #########################                7
  191-200 | ##################                       5 

DONE bcf-thin90 elapsed 2115.2s
