== arm bcf  nTrees=200 n=200 R=200 L=200 thin=30 ==
  self-checks: sigma PASS glue PASS
  [bcf] rep 25/200  413.5s  16.54s/rep  (map R2=1.00000)
  [bcf] rep 50/200  831.9s  16.64s/rep  (map R2=1.00000)
  [bcf] rep 75/200  1289.7s  17.20s/rep  (map R2=1.00000)
  [bcf] rep 100/200  1724.3s  17.24s/rep  (map R2=1.00000)
  [bcf] rep 125/200  2142.6s  17.14s/rep  (map R2=1.00000)
  [bcf] rep 150/200  2564.3s  17.10s/rep  (map R2=1.00000)
  [bcf] rep 175/200  2997.1s  17.13s/rep  (map R2=1.00000)
  [bcf] rep 200/200  3434.0s  17.17s/rep  (map R2=1.00000)
Warning message:
In summary.lm(fit) : essentially perfect fit: summary may be unreliable

SBC report: family=gaussian n=200 p=3 nTrees=200 | R=200 L=200 thin=30 burn=2400
wall-clock: 3434.0s total, 17.170s/rep; band alpha = 0.05000

functional   chisqP      ksP  ecdfDiff     band verdict
sigma         0.710    0.437    0.0609   0.0917   PASS
a             0.105    0.081    0.0869   0.0917   PASS
abs.a         0.255    0.396    0.0617   0.0917   PASS
b1.minus.b0    0.000    0.002    0.1261   0.0917   FLAG
abs.diff      0.407    0.824    0.0433   0.0917   PASS
prog1         0.040    0.029    0.1014   0.0917   FLAG
eff1          0.457    0.218    0.0719   0.0917   PASS
prog2         0.057    0.071    0.0871   0.0917   PASS
eff2          0.246    0.262    0.0673   0.0917   PASS
prog3         0.014    0.003    0.1261   0.0917   FLAG
eff3          0.083    0.063    0.0915   0.0917   PASS
prog4         0.444    0.240    0.0717   0.0917   PASS
eff4          0.828    0.507    0.0561   0.0917   PASS
prog5         0.136    0.131    0.0814   0.0917   PASS
eff5          0.419    0.591    0.0513   0.0917   PASS

Rank histograms:

[sigma]
  (expected 10.0 per bin, uniform)
    0-  9 | #####################################    14
   10- 19 | ###########################              10
   20- 29 | ######################################## 15
   30- 39 | #############################            11
   40- 49 | ########                                 3
   50- 59 | ###################                      7
   60- 69 | #####################                    8
   70- 79 | #####################                    8
   80- 89 | ################################         12
   90- 99 | ################################         12
  100-110 | ################                         6
  111-120 | ################################         12
  121-130 | ###########################              10
  131-140 | ###########################              10
  141-150 | #############################            11
  151-160 | #############################            11
  161-170 | ################################         12
  171-180 | #############################            11
  181-190 | ###################                      7
  191-200 | ###########################              10 

[a]
  (expected 10.0 per bin, uniform)
    0-  9 | ##########################               11
   10- 19 | ###############################          13
   20- 29 | ###################                      8
   30- 39 | #####################                    9
   40- 49 | ################                         7
   50- 59 | #####################                    9
   60- 69 | ######################################## 17
   70- 79 | ############                             5
   80- 89 | ##############                           6
   90- 99 | #####################                    9
  100-110 | ############                             5
  111-120 | ################                         7
  121-130 | ############################             12
  131-140 | ###############################          13
  141-150 | #################################        14
  151-160 | ##############                           6
  161-170 | #################################        14
  171-180 | ################                         7
  181-190 | ##########################               11
  191-200 | ######################################## 17 

[abs.a]
  (expected 10.0 per bin, uniform)
    0-  9 | ##########################               11
   10- 19 | ######################################## 17
   20- 29 | #########                                4
   30- 39 | ###################################      15
   40- 49 | #####################                    9
   50- 59 | ###############################          13
   60- 69 | ###############################          13
   70- 79 | ################                         7
   80- 89 | #####################                    9
   90- 99 | ########################                 10
  100-110 | ##############                           6
  111-120 | ################                         7
  121-130 | ###################################      15
  131-140 | ##########################               11
  141-150 | ###################                      8
  151-160 | ############                             5
  161-170 | ##########################               11
  171-180 | ########################                 10
  181-190 | ###################                      8
  191-200 | ##########################               11 

[b1.minus.b0]
  (expected 10.0 per bin, uniform)
    0-  9 | ######################################## 29
   10- 19 | #################                        12
   20- 29 | ###########                              8
   30- 39 | ###################                      14
   40- 49 | ###############                          11
   50- 59 | #######                                  5
   60- 69 | ########                                 6
   70- 79 | ########                                 6
   80- 89 | ##########                               7
   90- 99 | ##############                           10
  100-110 | #######                                  5
  111-120 | ##############                           10
  121-130 | #################                        12
  131-140 | #######                                  5
  141-150 | ##############                           10
  151-160 | #                                        1
  161-170 | ###############                          11
  171-180 | ############                             9
  181-190 | ###########                              8
  191-200 | #############################            21 

[abs.diff]
  (expected 10.0 per bin, uniform)
    0-  9 | ######################################## 16
   10- 19 | ###############                          6
   20- 29 | ###################################      14
   30- 39 | ############################             11
   40- 49 | ##################                       7
   50- 59 | ########                                 3
   60- 69 | ####################                     8
   70- 79 | #########################                10
   80- 89 | ############################             11
   90- 99 | ################################         13
  100-110 | ###############                          6
  111-120 | ######################                   9
  121-130 | #########################                10
  131-140 | #########################                10
  141-150 | ##############################           12
  151-160 | #########################                10
  161-170 | ######################################   15
  171-180 | ##################                       7
  181-190 | ############################             11
  191-200 | ############################             11 

[prog1]
  (expected 10.0 per bin, uniform)
    0-  9 | #############################            14
   10- 19 | #################                        8
   20- 29 | ####                                     2
   30- 39 | #################                        8
   40- 49 | #######################                  11
   50- 59 | #########################                12
   60- 69 | ###########                              5
   70- 79 | ###########                              5
   80- 89 | #########################                12
   90- 99 | #########################                12
  100-110 | #################                        8
  111-120 | #####################                    10
  121-130 | #################                        8
  131-140 | #############                            6
  141-150 | #######################                  11
  151-160 | #####################                    10
  161-170 | ####################################     17
  171-180 | #########################                12
  181-190 | #####################                    10
  191-200 | ######################################## 19 

[eff1]
  (expected 10.0 per bin, uniform)
    0-  9 | ######################################## 17
   10- 19 | ############################             12
   20- 29 | ##############                           6
   30- 39 | ########################                 10
   40- 49 | ###################################      15
   50- 59 | ############################             12
   60- 69 | ########################                 10
   70- 79 | ##########################               11
   80- 89 | #####################                    9
   90- 99 | ################                         7
  100-110 | ##############                           6
  111-120 | ########################                 10
  121-130 | ###################                      8
  131-140 | #####################                    9
  141-150 | ###################                      8
  151-160 | ###############################          13
  161-170 | #########                                4
  171-180 | ###############################          13
  181-190 | ##########################               11
  191-200 | #####################                    9 

[prog2]
  (expected 10.0 per bin, uniform)
    0-  9 | ######################################## 16
   10- 19 | ##################                       7
   20- 29 | ################################         13
   30- 39 | ###############                          6
   40- 49 | ##########                               4
   50- 59 | ##################                       7
   60- 69 | ##################                       7
   70- 79 | ####################                     8
   80- 89 | ######################################## 16
   90- 99 | ###############                          6
  100-110 | ############                             5
  111-120 | #########################                10
  121-130 | ######################################   15
  131-140 | ######################                   9
  141-150 | ############################             11
  151-160 | ######################################   15
  161-170 | ######################                   9
  171-180 | ####################                     8
  181-190 | ######################################   15
  191-200 | ################################         13 

[eff2]
  (expected 10.0 per bin, uniform)
    0-  9 | ###########################              10
   10- 19 | #####################################    14
   20- 29 | ###################################      13
   30- 39 | ################                         6
   40- 49 | ###################################      13
   50- 59 | ######################################## 15
   60- 69 | ################################         12
   70- 79 | ########################                 9
   80- 89 | ################################         12
   90- 99 | ###################                      7
  100-110 | ################                         6
  111-120 | #####################                    8
  121-130 | ###########################              10
  131-140 | #############                            5
  141-150 | ################                         6
  151-160 | #############                            5
  161-170 | #####################                    8
  171-180 | ################################         12
  181-190 | ######################################## 15
  191-200 | #####################################    14 

[prog3]
  (expected 10.0 per bin, uniform)
    0-  9 | ########################                 14
   10- 19 | #########                                5
   20- 29 | ###################                      11
   30- 39 | #########                                5
   40- 49 | ##############                           8
   50- 59 | ############                             7
   60- 69 | #####################                    12
   70- 79 | ##########                               6
   80- 89 | ##########                               6
   90- 99 | #################                        10
  100-110 | #################                        10
  111-120 | ###################                      11
  121-130 | ##############                           8
  131-140 | #################                        10
  141-150 | #########                                5
  151-160 | #################                        10
  161-170 | #######################                  13
  171-180 | ##########################               15
  181-190 | ###################                      11
  191-200 | ######################################## 23 

[eff3]
  (expected 10.0 per bin, uniform)
    0-  9 | ######################################## 19
   10- 19 | #######################                  11
   20- 29 | ###################                      9
   30- 39 | #######################                  11
   40- 49 | #########################                12
   50- 59 | ####################################     17
   60- 69 | ########                                 4
   70- 79 | ###########                              5
   80- 89 | #######################                  11
   90- 99 | #######################                  11
  100-110 | ###############                          7
  111-120 | #######################                  11
  121-130 | #####################                    10
  131-140 | ########                                 4
  141-150 | ###############                          7
  151-160 | #######################                  11
  161-170 | #########################                12
  171-180 | #########################                12
  181-190 | #############                            6
  191-200 | #####################                    10 

[prog4]
  (expected 10.0 per bin, uniform)
    0-  9 | #####################################    14
   10- 19 | ###########                              4
   20- 29 | #####################                    8
   30- 39 | ########################                 9
   40- 49 | #####################                    8
   50- 59 | #####################                    8
   60- 69 | #############################            11
   70- 79 | ###########################              10
   80- 89 | ################################         12
   90- 99 | ########################                 9
  100-110 | ########################                 9
  111-120 | #####################                    8
  121-130 | ################                         6
  131-140 | ######################################## 15
  141-150 | ################################         12
  151-160 | #############                            5
  161-170 | #####################################    14
  171-180 | ################################         12
  181-190 | #############################            11
  191-200 | ######################################## 15 

[eff4]
  (expected 10.0 per bin, uniform)
    0-  9 | #######################                  8
   10- 19 | ##################################       12
   20- 29 | ######################################## 14
   30- 39 | #############################            10
   40- 49 | #################                        6
   50- 59 | #################                        6
   60- 69 | #####################################    13
   70- 79 | #######################                  8
   80- 89 | #######################                  8
   90- 99 | ##################################       12
  100-110 | ##########################               9
  111-120 | ##################################       12
  121-130 | #################                        6
  131-140 | #############################            10
  141-150 | #############################            10
  151-160 | ####################                     7
  161-170 | ###############################          11
  171-180 | ##################################       12
  181-190 | ##################################       12
  191-200 | ######################################## 14 

[prog5]
  (expected 10.0 per bin, uniform)
    0-  9 | ######################################## 16
   10- 19 | ##################                       7
   20- 29 | ###############                          6
   30- 39 | ###############                          6
   40- 49 | ############################             11
   50- 59 | ##############################           12
   60- 69 | ##############################           12
   70- 79 | ################################         13
   80- 89 | ############                             5
   90- 99 | ############################             11
  100-110 | ##########                               4
  111-120 | ###############                          6
  121-130 | #########################                10
  131-140 | ####################                     8
  141-150 | ##############################           12
  151-160 | ####################                     8
  161-170 | ############################             11
  171-180 | #########################                10
  181-190 | ######################################## 16
  191-200 | ######################################## 16 

[eff5]
  (expected 10.0 per bin, uniform)
    0-  9 | ######################################## 17
   10- 19 | ########################                 10
   20- 29 | #################################        14
   30- 39 | ############                             5
   40- 49 | ###############################          13
   50- 59 | ########################                 10
   60- 69 | #####################                    9
   70- 79 | ###################                      8
   80- 89 | ########################                 10
   90- 99 | ############                             5
  100-110 | ###################                      8
  111-120 | ##########################               11
  121-130 | ############                             5
  131-140 | #####################                    9
  141-150 | ###################################      15
  151-160 | #####################                    9
  161-170 | ##########################               11
  171-180 | ############################             12
  181-190 | ###################                      8
  191-200 | ##########################               11 

DONE bcf elapsed 3434.0s
