== arm gaussian  nTrees=200 n=150 R=100 L=200 thin=90 ==
  self-checks: sigma PASS
  [gaussian] rep 25/100  365.1s elapsed  14.60s/rep
  [gaussian] rep 50/100  725.9s elapsed  14.52s/rep
  [gaussian] rep 75/100  1102.9s elapsed  14.70s/rep
  [gaussian] rep 100/100  1523.8s elapsed  15.24s/rep

SBC report: family=gaussian n=150 p=3 nTrees=200 | R=100 L=200 thin=90 burn=800
wall-clock: 1523.8s total, 15.238s/rep; band alpha = 0.05000

functional   chisqP      ksP  ecdfDiff     band verdict
avg.f         0.142    0.506    0.0809   0.1323   PASS
f.star1       0.348    0.684    0.0702   0.1323   PASS
f.star2       0.229    0.053    0.1322   0.1323   PASS
f.star3       0.395    0.953    0.0477   0.1323   PASS
f.star4       0.576    0.385    0.0856   0.1323   PASS
f.star5       0.576    0.796    0.0625   0.1323   PASS
sigma         0.603    0.714    0.0688   0.1323   PASS

Rank histograms:

[avg.f]
  (expected 5.0 per bin, uniform)
    0-  9 | ####################################     9
   10- 19 | ########                                 2
   20- 29 | ########################                 6
   30- 39 | ############################             7
   40- 49 | ################                         4
   50- 59 | ########                                 2
   60- 69 | ################################         8
   70- 79 | ########################                 6
   80- 89 | ################                         4
   90- 99 | ####################                     5
  100-110 | ############################             7
  111-120 | ####                                     1
  121-130 | ################                         4
  131-140 | ########                                 2
  141-150 | ####################                     5
  151-160 | ####                                     1
  161-170 | ########################                 6
  171-180 | ############################             7
  181-190 | ######################################## 10
  191-200 | ################                         4 

[f.star1]
  (expected 5.0 per bin, uniform)
    0-  9 | ######################################## 11
   10- 19 | ###########                              3
   20- 29 | ###########                              3
   30- 39 | ###########                              3
   40- 49 | ##################                       5
   50- 59 | ##################                       5
   60- 69 | ######################                   6
   70- 79 | ##################                       5
   80- 89 | ###############                          4
   90- 99 | ######################################## 11
  100-110 | ###########                              3
  111-120 | ###############                          4
  121-130 | ##################                       5
  131-140 | ###############                          4
  141-150 | ######################                   6
  151-160 | ######################                   6
  161-170 | ######################                   6
  171-180 | ###############                          4
  181-190 | ###########                              3
  191-200 | ###########                              3 

[f.star2]
  (expected 5.0 per bin, uniform)
    0-  9 | #######                                  2
   10- 19 | ##################                       5
   20- 29 | ###############                          4
   30- 39 | ###############                          4
   40- 49 | ######################                   6
   50- 59 | ###########                              3
   60- 69 | #######                                  2
   70- 79 | #######                                  2
   80- 89 | #########################                7
   90- 99 | ###########                              3
  100-110 | ##################                       5
  111-120 | ####################################     10
  121-130 | ######################                   6
  131-140 | ######################                   6
  141-150 | ##################                       5
  151-160 | #######                                  2
  161-170 | ######################                   6
  171-180 | ##################                       5
  181-190 | ######################################## 11
  191-200 | ######################                   6 

[f.star3]
  (expected 5.0 per bin, uniform)
    0-  9 | ################################         8
   10- 19 | ########################                 6
   20- 29 | ############                             3
   30- 39 | ############                             3
   40- 49 | ################                         4
   50- 59 | ################                         4
   60- 69 | ################################         8
   70- 79 | ########                                 2
   80- 89 | ########################                 6
   90- 99 | ######################################## 10
  100-110 | ####################                     5
  111-120 | ################                         4
  121-130 | ####                                     1
  131-140 | ################################         8
  141-150 | ####################                     5
  151-160 | ############                             3
  161-170 | ########################                 6
  171-180 | ####################                     5
  181-190 | ########################                 6
  191-200 | ############                             3 

[f.star4]
  (expected 5.0 per bin, uniform)
    0-  9 | ####################                     5
   10- 19 | ############################             7
   20- 29 | ################                         4
   30- 39 | ########################                 6
   40- 49 | ########                                 2
   50- 59 | ########                                 2
   60- 69 | ############################             7
   70- 79 | ################                         4
   80- 89 | ############                             3
   90- 99 | ########################                 6
  100-110 | ############################             7
  111-120 | ####################                     5
  121-130 | ################                         4
  131-140 | ########################                 6
  141-150 | ################                         4
  151-160 | ################                         4
  161-170 | ########                                 2
  171-180 | ################                         4
  181-190 | ################################         8
  191-200 | ######################################## 10 

[f.star5]
  (expected 5.0 per bin, uniform)
    0-  9 | ################                         4
   10- 19 | ################                         4
   20- 29 | ######################################## 10
   30- 39 | ############                             3
   40- 49 | ####################################     9
   50- 59 | ########                                 2
   60- 69 | ####################                     5
   70- 79 | ################                         4
   80- 89 | ############################             7
   90- 99 | ############################             7
  100-110 | ########                                 2
  111-120 | ########################                 6
  121-130 | ################                         4
  131-140 | ####################                     5
  141-150 | ############                             3
  151-160 | ################                         4
  161-170 | ####################                     5
  171-180 | ############################             7
  181-190 | ####################                     5
  191-200 | ################                         4 

[sigma]
  (expected 5.0 per bin, uniform)
    0-  9 | #############                            3
   10- 19 | ###############################          7
   20- 29 | ##################                       4
   30- 39 | #########                                2
   40- 49 | ######################                   5
   50- 59 | ####################################     8
   60- 69 | ######################                   5
   70- 79 | ###############################          7
   80- 89 | ###############################          7
   90- 99 | ######################                   5
  100-110 | ##################                       4
  111-120 | ####################################     8
  121-130 | ##################                       4
  131-140 | ######################                   5
  141-150 | #############                            3
  151-160 | ######################################## 9
  161-170 | #############                            3
  171-180 | #########                                2
  181-190 | #############                            3
  191-200 | ###########################              6 

DONE gaussian-thin90 elapsed 1523.8s
