== arm gaussian  nTrees=200 n=150 R=200 L=200 thin=30 ==
  self-checks: sigma PASS
  [gaussian] rep 25/200  420.3s elapsed  16.81s/rep
  [gaussian] rep 50/200  870.1s elapsed  17.40s/rep
  [gaussian] rep 75/200  1249.6s elapsed  16.66s/rep
  [gaussian] rep 100/200  1625.4s elapsed  16.25s/rep
  [gaussian] rep 125/200  1991.4s elapsed  15.93s/rep
  [gaussian] rep 150/200  2343.1s elapsed  15.62s/rep
  [gaussian] rep 175/200  2681.7s elapsed  15.32s/rep
  [gaussian] rep 200/200  3035.3s elapsed  15.18s/rep

SBC report: family=gaussian n=150 p=3 nTrees=200 | R=200 L=200 thin=30 burn=2400
wall-clock: 3035.3s total, 15.177s/rep; band alpha = 0.05000

functional   chisqP      ksP  ecdfDiff     band verdict
avg.f         0.237    0.461    0.0563   0.0917   PASS
f.star1       0.509    0.539    0.0542   0.0917   PASS
f.star2       0.080    0.511    0.0575   0.0917   PASS
f.star3       0.563    0.797    0.0415   0.0917   PASS
f.star4       0.828    0.906    0.0389   0.0917   PASS
f.star5       0.204    0.029    0.1028   0.0917   FLAG
sigma         0.760    0.573    0.0513   0.0917   PASS

Rank histograms:

[avg.f]
  (expected 10.0 per bin, uniform)
    0-  9 | ###################                      9
   10- 19 | ######################################## 19
   20- 29 | ###################                      9
   30- 39 | ################################         15
   40- 49 | ###################                      9
   50- 59 | #############                            6
   60- 69 | #######################                  11
   70- 79 | ###################                      9
   80- 89 | #############                            6
   90- 99 | ###################                      9
  100-110 | ###################                      9
  111-120 | ###################                      9
  121-130 | #########################                12
  131-140 | ########                                 4
  141-150 | #########################                12
  151-160 | ###########                              5
  161-170 | #######################                  11
  171-180 | ###########################              13
  181-190 | #########################                12
  191-200 | #######################                  11 

[f.star1]
  (expected 10.0 per bin, uniform)
    0-  9 | ########################                 10
   10- 19 | #####################                    9
   20- 29 | #####################                    9
   30- 39 | ################                         7
   40- 49 | ################                         7
   50- 59 | ###############################          13
   60- 69 | ###############################          13
   70- 79 | ###################                      8
   80- 89 | #####################                    9
   90- 99 | ##########################               11
  100-110 | ###################################      15
  111-120 | #####################                    9
  121-130 | #####################                    9
  131-140 | ############################             12
  141-150 | ########################                 10
  151-160 | ############################             12
  161-170 | ######################################## 17
  171-180 | ###################                      8
  181-190 | #####################                    9
  191-200 | #######                                  3 

[f.star2]
  (expected 10.0 per bin, uniform)
    0-  9 | ############                             5
   10- 19 | ################                         7
   20- 29 | ######################################   16
   30- 39 | ############                             5
   40- 49 | #####################                    9
   50- 59 | ######################################   16
   60- 69 | ###################                      8
   70- 79 | ############                             5
   80- 89 | ############################             12
   90- 99 | #####################                    9
  100-110 | #################################        14
  111-120 | ########################                 10
  121-130 | #################################        14
  131-140 | ############################             12
  141-150 | ##########################               11
  151-160 | ###################                      8
  161-170 | ##############                           6
  171-180 | ######################################## 17
  181-190 | ################                         7
  191-200 | #####################                    9 

[f.star3]
  (expected 10.0 per bin, uniform)
    0-  9 | ################################         13
   10- 19 | ######################                   9
   20- 29 | ################################         13
   30- 39 | ##################                       7
   40- 49 | #########################                10
   50- 59 | ############################             11
   60- 69 | ###############                          6
   70- 79 | ############################             11
   80- 89 | ######################                   9
   90- 99 | ###############                          6
  100-110 | ####################                     8
  111-120 | ###################################      14
  121-130 | #########################                10
  131-140 | ############                             5
  141-150 | ##############################           12
  151-160 | ################################         13
  161-170 | ##############################           12
  171-180 | ######################################## 16
  181-190 | ####################                     8
  191-200 | ##################                       7 

[f.star4]
  (expected 10.0 per bin, uniform)
    0-  9 | ##################                       7
   10- 19 | #########################                10
   20- 29 | ################################         13
   30- 39 | ######################                   9
   40- 49 | ##################                       7
   50- 59 | ####################                     8
   60- 69 | ################################         13
   70- 79 | ######################                   9
   80- 89 | ######################################## 16
   90- 99 | ######################                   9
  100-110 | ####################                     8
  111-120 | ################################         13
  121-130 | ################################         13
  131-140 | ##############################           12
  141-150 | #########################                10
  151-160 | ####################                     8
  161-170 | ##############################           12
  171-180 | ##################                       7
  181-190 | ##################                       7
  191-200 | ######################                   9 

[f.star5]
  (expected 10.0 per bin, uniform)
    0-  9 | ###############################          13
   10- 19 | ################                         7
   20- 29 | ################                         7
   30- 39 | ##########################               11
   40- 49 | ##############                           6
   50- 59 | ############                             5
   60- 69 | ###################                      8
   70- 79 | ##############                           6
   80- 89 | ###################                      8
   90- 99 | ###################################      15
  100-110 | ###################################      15
  111-120 | ################                         7
  121-130 | ########################                 10
  131-140 | ##########################               11
  141-150 | ################                         7
  151-160 | #####################                    9
  161-170 | #################################        14
  171-180 | ######################################## 17
  181-190 | ##########################               11
  191-200 | ###############################          13 

[sigma]
  (expected 10.0 per bin, uniform)
    0-  9 | ######################################## 14
   10- 19 | ##################################       12
   20- 29 | #############################            10
   30- 39 | ##############                           5
   40- 49 | #############################            10
   50- 59 | ##########################               9
   60- 69 | ##################################       12
   70- 79 | ##########################               9
   80- 89 | #######################                  8
   90- 99 | #############################            10
  100-110 | ##########################               9
  111-120 | ######################################## 14
  121-130 | #################                        6
  131-140 | ####################                     7
  141-150 | #################                        6
  151-160 | ######################################## 14
  161-170 | ###############################          11
  171-180 | #####################################    13
  181-190 | ##################################       12
  191-200 | ##########################               9 

DONE gaussian elapsed 3035.3s
