== arm grouped-probit  nTrees=200 n=160 R=200 L=200 thin=30 ==
  self-checks: sigma PASS tau PASS
  [grouped-probit G=8] rep 25/200  326.1s  13.04s/rep
  [grouped-probit G=8] rep 50/200  648.8s  12.98s/rep
  [grouped-probit G=8] rep 75/200  971.1s  12.95s/rep
  [grouped-probit G=8] rep 100/200  1315.6s  13.16s/rep
  [grouped-probit G=8] rep 125/200  1679.3s  13.43s/rep
  [grouped-probit G=8] rep 150/200  2022.3s  13.48s/rep
  [grouped-probit G=8] rep 175/200  2354.1s  13.45s/rep
  [grouped-probit G=8] rep 200/200  2686.1s  13.43s/rep

SBC report: family=probit n=160 p=3 nTrees=200 | R=200 L=200 thin=30 burn=2400
wall-clock: 2686.1s total, 13.431s/rep; band alpha = 0.05000

functional   chisqP      ksP  ecdfDiff     band verdict
tau           0.119    0.561    0.0542   0.0917   PASS
b1            0.563    0.894    0.0377   0.0917   PASS
b2            0.684    0.445    0.0575   0.0917   PASS
avg.f         0.174    0.378    0.0622   0.0917   PASS
f.star1       0.483    0.766    0.0443   0.0917   PASS
f.star2       0.105    0.882    0.0382   0.0917   PASS
f.star3       0.431    0.836    0.0413   0.0917   PASS
f.star4       0.189    0.745    0.0442   0.0917   PASS
f.star5       0.114    0.106    0.0822   0.0917   PASS

Rank histograms:

[tau]
  (expected 10.0 per bin, uniform)
    0-  9 | ######################                   9
   10- 19 | #########################                10
   20- 29 | #####                                    2
   30- 39 | #########################                10
   40- 49 | ###################################      14
   50- 59 | ##############################           12
   60- 69 | ##################                       7
   70- 79 | ######################################## 16
   80- 89 | #########################                10
   90- 99 | ##############################           12
  100-110 | ##################                       7
  111-120 | ##################                       7
  121-130 | ##############################           12
  131-140 | #########################                10
  141-150 | ##################                       7
  151-160 | ######################                   9
  161-170 | ######################################## 16
  171-180 | ############                             5
  181-190 | ######################                   9
  191-200 | ######################################## 16 

[b1]
  (expected 10.0 per bin, uniform)
    0-  9 | ######################                   10
   10- 19 | #############                            6
   20- 29 | ####################                     9
   30- 39 | #############################            13
   40- 49 | ########################                 11
   50- 59 | ###########################              12
   60- 69 | ###########                              5
   70- 79 | ###########################              12
   80- 89 | #############                            6
   90- 99 | ######################################## 18
  100-110 | ###########################              12
  111-120 | ####################                     9
  121-130 | ########################                 11
  131-140 | ##################                       8
  141-150 | ####################                     9
  151-160 | ######################                   10
  161-170 | ##################                       8
  171-180 | #############################            13
  181-190 | ################                         7
  191-200 | ########################                 11 

[b2]
  (expected 10.0 per bin, uniform)
    0-  9 | #############################            10
   10- 19 | ##########################               9
   20- 29 | #######################                  8
   30- 39 | #####################################    13
   40- 49 | ##########################               9
   50- 59 | ##################################       12
   60- 69 | ##################################       12
   70- 79 | ######################################## 14
   80- 89 | #############################            10
   90- 99 | ######################################## 14
  100-110 | ####################                     7
  111-120 | #################                        6
  121-130 | #############################            10
  131-140 | #########                                3
  141-150 | ###############################          11
  151-160 | ###############################          11
  161-170 | #############################            10
  171-180 | ######################################## 14
  181-190 | ####################                     7
  191-200 | #############################            10 

[avg.f]
  (expected 10.0 per bin, uniform)
    0-  9 | #################                        8
   10- 19 | #############################            14
   20- 29 | ###############                          7
   30- 39 | #######################                  11
   40- 49 | ###################                      9
   50- 59 | ###############                          7
   60- 69 | #################                        8
   70- 79 | #################                        8
   80- 89 | #############################            14
   90- 99 | ###################                      9
  100-110 | ######                                   3
  111-120 | ######################################## 19
  121-130 | ###########################              13
  131-140 | #############################            14
  141-150 | #########################                12
  151-160 | #################                        8
  161-170 | ###############                          7
  171-180 | #########################                12
  181-190 | #################                        8
  191-200 | ###################                      9 

[f.star1]
  (expected 10.0 per bin, uniform)
    0-  9 | ##############################           12
   10- 19 | ###############                          6
   20- 29 | ############                             5
   30- 39 | ######################                   9
   40- 49 | ##############################           12
   50- 59 | ######################################## 16
   60- 69 | ############################             11
   70- 79 | ################################         13
   80- 89 | ############                             5
   90- 99 | ##############################           12
  100-110 | ####################                     8
  111-120 | #########################                10
  121-130 | ############################             11
  131-140 | ##################                       7
  141-150 | ######################################   15
  151-160 | #########################                10
  161-170 | ############################             11
  171-180 | ######################                   9
  181-190 | ##############################           12
  191-200 | ###############                          6 

[f.star2]
  (expected 10.0 per bin, uniform)
    0-  9 | #############################            14
   10- 19 | #################                        8
   20- 29 | #######################                  11
   30- 39 | #############                            6
   40- 49 | #########################                12
   50- 59 | #################                        8
   60- 69 | ########                                 4
   70- 79 | ######################################## 19
   80- 89 | #########################                12
   90- 99 | #######################                  11
  100-110 | ###################                      9
  111-120 | ########                                 4
  121-130 | #################                        8
  131-140 | #####################                    10
  141-150 | #########################                12
  151-160 | #############################            14
  161-170 | #######################                  11
  171-180 | #########################                12
  181-190 | ########                                 4
  191-200 | #######################                  11 

[f.star3]
  (expected 10.0 per bin, uniform)
    0-  9 | #############################            11
   10- 19 | ###################################      13
   20- 29 | ###################                      7
   30- 39 | ###################################      13
   40- 49 | ######################################## 15
   50- 59 | ###################                      7
   60- 69 | #####################                    8
   70- 79 | ###########################              10
   80- 89 | #############                            5
   90- 99 | ###################################      13
  100-110 | #############################            11
  111-120 | #############################            11
  121-130 | #############                            5
  131-140 | ###########################              10
  141-150 | ################################         12
  151-160 | ###################################      13
  161-170 | ################                         6
  171-180 | ######################################## 15
  181-190 | #####################                    8
  191-200 | ###################                      7 

[f.star4]
  (expected 10.0 per bin, uniform)
    0-  9 | ############                             5
   10- 19 | #########################                10
   20- 29 | ####################                     8
   30- 39 | #########################                10
   40- 49 | ######################################   15
   50- 59 | ######################################## 16
   60- 69 | ####################                     8
   70- 79 | ####################                     8
   80- 89 | ##################                       7
   90- 99 | ############################             11
  100-110 | ####################                     8
  111-120 | ################################         13
  121-130 | ######################################## 16
  131-140 | #########################                10
  141-150 | ############################             11
  151-160 | #########################                10
  161-170 | ###############                          6
  171-180 | ###############                          6
  181-190 | ###############                          6
  191-200 | ######################################## 16 

[f.star5]
  (expected 10.0 per bin, uniform)
    0-  9 | ######################################## 19
   10- 19 | ###################                      9
   20- 29 | #########################                12
   30- 39 | #######################                  11
   40- 49 | ###########################              13
   50- 59 | #########################                12
   60- 69 | #####################                    10
   70- 79 | #################                        8
   80- 89 | #######################                  11
   90- 99 | ###############                          7
  100-110 | ########                                 4
  111-120 | ###############                          7
  121-130 | #############                            6
  131-140 | #############                            6
  141-150 | #################                        8
  151-160 | #################                        8
  161-170 | ###################                      9
  171-180 | #############################            14
  181-190 | ####################################     17
  191-200 | ###################                      9 

DONE grouped-probit elapsed 2686.1s
