== arm grouped-gaussian  nTrees=200 n=160 R=200 L=200 thin=30 ==
  self-checks: sigma PASS tau PASS
  [grouped-gaussian G=8] rep 25/200  329.1s  13.16s/rep
  [grouped-gaussian G=8] rep 50/200  648.9s  12.98s/rep
  [grouped-gaussian G=8] rep 75/200  975.2s  13.00s/rep
  [grouped-gaussian G=8] rep 100/200  1292.2s  12.92s/rep
  [grouped-gaussian G=8] rep 125/200  1615.5s  12.92s/rep
  [grouped-gaussian G=8] rep 150/200  1936.5s  12.91s/rep
  [grouped-gaussian G=8] rep 175/200  2259.7s  12.91s/rep
  [grouped-gaussian G=8] rep 200/200  2579.3s  12.90s/rep

SBC report: family=gaussian n=160 p=3 nTrees=200 | R=200 L=200 thin=30 burn=2400
wall-clock: 2579.3s total, 12.897s/rep; band alpha = 0.05000

functional   chisqP      ksP  ecdfDiff     band verdict
tau           0.030    0.073    0.0873   0.0917   PASS
b1            0.795    0.909    0.0362   0.0917   PASS
b2            0.031    0.274    0.0703   0.0917   PASS
avg.f         0.294    0.318    0.0658   0.0917   PASS
sigma         0.000    0.000    0.2916   0.0917   FLAG
f.star1       0.326    0.893    0.0401   0.0917   PASS
f.star2       0.806    0.618    0.0512   0.0917   PASS
f.star3       0.603    0.993    0.0280   0.0917   PASS
f.star4       0.087    0.765    0.0442   0.0917   PASS
f.star5       0.992    0.464    0.0582   0.0917   PASS

Rank histograms:

[tau]
  (expected 10.0 per bin, uniform)
    0-  9 | #############################            14
   10- 19 | ###################                      9
   20- 29 | ####                                     2
   30- 39 | ###############                          7
   40- 49 | #########################                12
   50- 59 | #####################                    10
   60- 69 | #############                            6
   70- 79 | #########################                12
   80- 89 | #################                        8
   90- 99 | ###############                          7
  100-110 | #################                        8
  111-120 | #######################                  11
  121-130 | ###################                      9
  131-140 | ##################################       16
  141-150 | ######################################## 19
  151-160 | ###################                      9
  161-170 | ###########################              13
  171-180 | ###################                      9
  181-190 | ################################         15
  191-200 | ########                                 4 

[b1]
  (expected 10.0 per bin, uniform)
    0-  9 | ######################################## 16
   10- 19 | ######################                   9
   20- 29 | #########################                10
   30- 39 | ##############################           12
   40- 49 | #########################                10
   50- 59 | ##########                               4
   60- 69 | ############################             11
   70- 79 | ####################                     8
   80- 89 | ###############                          6
   90- 99 | ##############################           12
  100-110 | ##################                       7
  111-120 | #########################                10
  121-130 | ############################             11
  131-140 | ##############################           12
  141-150 | ################################         13
  151-160 | ############################             11
  161-170 | ####################                     8
  171-180 | ####################                     8
  181-190 | #########################                10
  191-200 | ##############################           12 

[b2]
  (expected 10.0 per bin, uniform)
    0-  9 | ######################################## 23
   10- 19 | ##############                           8
   20- 29 | ################                         9
   30- 39 | #####################                    12
   40- 49 | ##########                               6
   50- 59 | #########                                5
   60- 69 | #################                        10
   70- 79 | ##########                               6
   80- 89 | ###################                      11
   90- 99 | #####################                    12
  100-110 | #################                        10
  111-120 | #####################                    12
  121-130 | #########                                5
  131-140 | ###################                      11
  141-150 | #################                        10
  151-160 | #########                                5
  161-170 | ###################                      11
  171-180 | #####################                    12
  181-190 | ##############                           8
  191-200 | ########################                 14 

[avg.f]
  (expected 10.0 per bin, uniform)
    0-  9 | ############################             14
   10- 19 | ################                         8
   20- 29 | ####################                     10
   30- 39 | ##########################               13
   40- 49 | ##########################               13
   50- 59 | ##############                           7
   60- 69 | ######################                   11
   70- 79 | ##################                       9
   80- 89 | ######################                   11
   90- 99 | ################                         8
  100-110 | ##############                           7
  111-120 | ##################                       9
  121-130 | ################                         8
  131-140 | ##################                       9
  141-150 | ############                             6
  151-160 | ##############                           7
  161-170 | ################                         8
  171-180 | ############################             14
  181-190 | ################                         8
  191-200 | ######################################## 20 

[sigma]
  (expected 10.0 per bin, uniform)
    0-  9 | ########                                 8
   10- 19 | ###                                      3
   20- 29 | ####                                     4
   30- 39 | ####                                     4
   40- 49 | ###                                      3
   50- 59 | ########                                 8
   60- 69 | ########                                 8
   70- 79 | #######                                  7
   80- 89 | ######                                   6
   90- 99 | ######                                   6
  100-110 | ###                                      3
  111-120 | #########                                9
  121-130 | #####                                    5
  131-140 | #########                                9
  141-150 | ###############                          15
  151-160 | #############                            13
  161-170 | ##########                               10
  171-180 | ###################                      19
  181-190 | ###################                      19
  191-200 | ######################################## 41 

[f.star1]
  (expected 10.0 per bin, uniform)
    0-  9 | ########################                 11
   10- 19 | ################                         7
   20- 29 | ###########################              12
   30- 39 | ################                         7
   40- 49 | ######################                   10
   50- 59 | ####################                     9
   60- 69 | ###########################              12
   70- 79 | ###########################              12
   80- 89 | ######################                   10
   90- 99 | ########################                 11
  100-110 | ########################                 11
  111-120 | ######################                   10
  121-130 | #############                            6
  131-140 | ########################                 11
  141-150 | ######################################## 18
  151-160 | #############                            6
  161-170 | ################                         7
  171-180 | ######################                   10
  181-190 | #########                                4
  191-200 | ####################################     16 

[f.star2]
  (expected 10.0 per bin, uniform)
    0-  9 | ###############################          10
   10- 19 | ##################################       11
   20- 29 | ######################                   7
   30- 39 | ######################################## 13
   40- 49 | #########################                8
   50- 59 | ##################################       11
   60- 69 | ###############################          10
   70- 79 | #####################################    12
   80- 89 | #########################                8
   90- 99 | ##################################       11
  100-110 | #####################################    12
  111-120 | ######################################## 13
  121-130 | ############                             4
  131-140 | ##################                       6
  141-150 | ##################                       6
  151-160 | ######################################## 13
  161-170 | ###############################          10
  171-180 | #####################################    12
  181-190 | ###############################          10
  191-200 | ######################################## 13 

[f.star3]
  (expected 10.0 per bin, uniform)
    0-  9 | ##############################           12
   10- 19 | ##################                       7
   20- 29 | ##################                       7
   30- 39 | ###################################      14
   40- 49 | ################################         13
   50- 59 | ###############                          6
   60- 69 | ############################             11
   70- 79 | ##############################           12
   80- 89 | ##################                       7
   90- 99 | ######################                   9
  100-110 | #########################                10
  111-120 | ######################################## 16
  121-130 | ##################                       7
  131-140 | #########################                10
  141-150 | ############################             11
  151-160 | ####################                     8
  161-170 | ##############################           12
  171-180 | ###############                          6
  181-190 | ####################                     8
  191-200 | ###################################      14 

[f.star4]
  (expected 10.0 per bin, uniform)
    0-  9 | ###########################              12
   10- 19 | #######                                  3
   20- 29 | ################                         7
   30- 39 | ######################################## 18
   40- 49 | ###########################              12
   50- 59 | ######################                   10
   60- 69 | ###########################              12
   70- 79 | ###############################          14
   80- 89 | #############                            6
   90- 99 | ###########                              5
  100-110 | ################                         7
  111-120 | ######################                   10
  121-130 | ###############################          14
  131-140 | ######################                   10
  141-150 | #############                            6
  151-160 | ##################                       8
  161-170 | ########################                 11
  171-180 | ########################                 11
  181-190 | ##################                       8
  191-200 | ####################################     16 

[f.star5]
  (expected 10.0 per bin, uniform)
    0-  9 | ######################################## 13
   10- 19 | ############################             9
   20- 29 | ######################################## 13
   30- 39 | #####################################    12
   40- 49 | ############################             9
   50- 59 | #########################                8
   60- 69 | ######################################## 13
   70- 79 | ###############################          10
   80- 89 | ############################             9
   90- 99 | ##################################       11
  100-110 | ############################             9
  111-120 | ##################################       11
  121-130 | #####################################    12
  131-140 | ######################                   7
  141-150 | #########################                8
  151-160 | ############################             9
  161-170 | ############################             9
  171-180 | ######################                   7
  181-190 | ############################             9
  191-200 | #####################################    12 

DONE grouped-gaussian elapsed 2579.3s
