  [grouped-gaussian G=8] rep 25/120  80.6s  3.22s/rep
  [grouped-gaussian G=8] rep 50/120  160.8s  3.22s/rep
  [grouped-gaussian G=8] rep 75/120  240.9s  3.21s/rep
  [grouped-gaussian G=8] rep 100/120  322.5s  3.22s/rep
  [grouped-gaussian G=8] rep 120/120  387.7s  3.23s/rep

SBC report: family=gaussian n=160 p=3 nTrees=50 | R=120 L=150 thin=30 burn=2400
wall-clock: 387.7s total, 3.231s/rep; band alpha = 0.05000

functional   chisqP      ksP  ecdfDiff     band verdict
tau           0.121    0.559    0.0673   0.1172   PASS
b1            0.784    0.766    0.0584   0.1172   PASS
b2            0.500    0.900    0.0487   0.1172   PASS
avg.f         0.567    0.748    0.0585   0.1172   PASS
sigma         0.478    0.568    0.0680   0.1172   PASS
f.star1       0.223    0.107    0.1048   0.1172   PASS
f.star2       0.478    0.697    0.0631   0.1172   PASS
f.star3       0.071    0.399    0.0794   0.1172   PASS
f.star4       0.567    0.989    0.0373   0.1172   PASS
f.star5       0.744    0.293    0.0871   0.1172   PASS

Rank histograms:

[tau]
  (expected 6.0 per bin, uniform)
    0-  7 | #########################                7
    8- 14 | ######################################## 11
   15- 22 | ###############                          4
   23- 29 | #############################            8
   30- 37 | ###############                          4
   38- 44 | ###########                              3
   45- 52 | #######                                  2
   53- 59 | #################################        9
   60- 67 | #############################            8
   68- 75 | ###########                              3
   76- 82 | ######################                   6
   83- 90 | ###############                          4
   91- 97 | #############################            8
   98-105 | #########################                7
  106-112 | ######################                   6
  113-120 | ##################                       5
  121-127 | ####                                     1
  128-135 | ###############                          4
  136-142 | ######################################## 11
  143-150 | #################################        9 

[b1]
  (expected 6.0 per bin, uniform)
    0-  7 | ######################################## 10
    8- 14 | ####################                     5
   15- 22 | ################                         4
   23- 29 | ########                                 2
   30- 37 | ############################             7
   38- 44 | ########################                 6
   45- 52 | ################################         8
   53- 59 | ######################################## 10
   60- 67 | ########################                 6
   68- 75 | ############################             7
   76- 82 | ############################             7
   83- 90 | ############                             3
   91- 97 | ############################             7
   98-105 | ####################                     5
  106-112 | ########################                 6
  113-120 | ################                         4
  121-127 | ####################                     5
  128-135 | ################################         8
  136-142 | ########################                 6
  143-150 | ################                         4 

[b2]
  (expected 6.0 per bin, uniform)
    0-  7 | ####################################     9
    8- 14 | ################################         8
   15- 22 | ################                         4
   23- 29 | ################                         4
   30- 37 | ########                                 2
   38- 44 | ####################                     5
   45- 52 | ########################                 6
   53- 59 | ####################################     9
   60- 67 | ################################         8
   68- 75 | ################################         8
   76- 82 | ################################         8
   83- 90 | ####################                     5
   91- 97 | ################                         4
   98-105 | ########################                 6
  106-112 | ########################                 6
  113-120 | ######################################## 10
  121-127 | ########                                 2
  128-135 | ############                             3
  136-142 | ################################         8
  143-150 | ####################                     5 

[avg.f]
  (expected 6.0 per bin, uniform)
    0-  7 | ########################                 6
    8- 14 | ####################################     9
   15- 22 | ################                         4
   23- 29 | ############                             3
   30- 37 | ############                             3
   38- 44 | ######################################## 10
   45- 52 | ############################             7
   53- 59 | ########################                 6
   60- 67 | ######################################## 10
   68- 75 | ############                             3
   76- 82 | ####################                     5
   83- 90 | ######################################## 10
   91- 97 | ################################         8
   98-105 | ########################                 6
  106-112 | ########################                 6
  113-120 | ################                         4
  121-127 | ########################                 6
  128-135 | ################                         4
  136-142 | ####################                     5
  143-150 | ####################                     5 

[sigma]
  (expected 6.0 per bin, uniform)
    0-  7 | ######################################## 11
    8- 14 | #########################                7
   15- 22 | ###############                          4
   23- 29 | ####################################     10
   30- 37 | ######################                   6
   38- 44 | ##################                       5
   45- 52 | ######################                   6
   53- 59 | ##################                       5
   60- 67 | ##################                       5
   68- 75 | ###########                              3
   76- 82 | ######################################## 11
   83- 90 | ###########                              3
   91- 97 | #############################            8
   98-105 | ###########                              3
  106-112 | ###############                          4
  113-120 | ######################                   6
  121-127 | #########################                7
  128-135 | ##################                       5
  136-142 | ######################                   6
  143-150 | ##################                       5 

[f.star1]
  (expected 6.0 per bin, uniform)
    0-  7 | ############                             4
    8- 14 | ############################             9
   15- 22 | ##################                       6
   23- 29 | #########                                3
   30- 37 | ###############                          5
   38- 44 | #########################                8
   45- 52 | #########                                3
   53- 59 | ############                             4
   60- 67 | #########                                3
   68- 75 | ##################                       6
   76- 82 | ##################                       6
   83- 90 | ###############################          10
   91- 97 | ######################################## 13
   98-105 | ###############                          5
  106-112 | ############                             4
  113-120 | ############################             9
  121-127 | ###############                          5
  128-135 | #########                                3
  136-142 | ######################                   7
  143-150 | ######################                   7 

[f.star2]
  (expected 6.0 per bin, uniform)
    0-  7 | ########################                 6
    8- 14 | ########################                 6
   15- 22 | ########                                 2
   23- 29 | ################################         8
   30- 37 | ################                         4
   38- 44 | ############################             7
   45- 52 | ########################                 6
   53- 59 | ######################################## 10
   60- 67 | ################                         4
   68- 75 | ####################                     5
   76- 82 | ############################             7
   83- 90 | ############################             7
   91- 97 | ####                                     1
   98-105 | ####################                     5
  106-112 | ########################                 6
  113-120 | ######################################## 10
  121-127 | ########################                 6
  128-135 | ####################################     9
  136-142 | ################################         8
  143-150 | ############                             3 

[f.star3]
  (expected 6.0 per bin, uniform)
    0-  7 | ###############                          5
    8- 14 | ###############################          10
   15- 22 | ###############                          5
   23- 29 | ###############                          5
   30- 37 | ##################                       6
   38- 44 | ############                             4
   45- 52 | ######################################## 13
   53- 59 | ###############################          10
   60- 67 | ############                             4
   68- 75 | ###############                          5
   76- 82 | ###############                          5
   83- 90 | ############################             9
   91- 97 | ######                                   2
   98-105 | ############                             4
  106-112 | #########                                3
  113-120 | #########################                8
  121-127 | ###############################          10
  128-135 | ############                             4
  136-142 | ##################                       6
  143-150 | ######                                   2 

[f.star4]
  (expected 6.0 per bin, uniform)
    0-  7 | ########################                 6
    8- 14 | ############################             7
   15- 22 | ############                             3
   23- 29 | ################################         8
   30- 37 | ############                             3
   38- 44 | ######################################## 10
   45- 52 | ############                             3
   53- 59 | ####################################     9
   60- 67 | ########################                 6
   68- 75 | ################################         8
   76- 82 | ############                             3
   83- 90 | ############                             3
   91- 97 | ########################                 6
   98-105 | ####################                     5
  106-112 | ####################################     9
  113-120 | ############################             7
  121-127 | ############                             3
  128-135 | ########################                 6
  136-142 | ############################             7
  143-150 | ################################         8 

[f.star5]
  (expected 6.0 per bin, uniform)
    0-  7 | ################################         8
    8- 14 | ############                             3
   15- 22 | ############################             7
   23- 29 | ################                         4
   30- 37 | ########################                 6
   38- 44 | ################################         8
   45- 52 | ########################                 6
   53- 59 | ############################             7
   60- 67 | ########################                 6
   68- 75 | ######################################## 10
   76- 82 | ######################################## 10
   83- 90 | ####################                     5
   91- 97 | ################                         4
   98-105 | ################                         4
  106-112 | ####################################     9
  113-120 | ####################                     5
  121-127 | ############                             3
  128-135 | ########################                 6
  136-142 | ################                         4
  143-150 | ####################                     5 

DONE swap 387.7 s
