  [grouped-gaussian G=8] rep 25/120  85.9s  3.44s/rep
  [grouped-gaussian G=8] rep 50/120  262.4s  5.25s/rep
  [grouped-gaussian G=8] rep 75/120  393.3s  5.24s/rep
  [grouped-gaussian G=8] rep 100/120  473.0s  4.73s/rep
  [grouped-gaussian G=8] rep 120/120  537.8s  4.48s/rep

SBC report: family=gaussian n=160 p=3 nTrees=50 | R=120 L=150 thin=30 burn=2400
wall-clock: 537.8s total, 4.482s/rep; band alpha = 0.05000

functional   chisqP      ksP  ecdfDiff     band verdict
tau           0.319    0.278    0.0884   0.1172   PASS
b1            0.301    0.321    0.0832   0.1172   PASS
b2            0.284    0.492    0.0738   0.1172   PASS
avg.f         0.395    0.676    0.0635   0.1172   PASS
sigma         0.000    0.000    0.2360   0.1172   FLAG
f.star1       0.044    0.270    0.0869   0.1172   PASS
f.star2       0.635    0.576    0.0705   0.1172   PASS
f.star3       0.478    0.315    0.0839   0.1172   PASS
f.star4       0.590    0.600    0.0684   0.1172   PASS
f.star5       0.924    0.691    0.0641   0.1172   PASS

Rank histograms:

[tau]
  (expected 6.0 per bin, uniform)
    0-  7 | ###############                          4
    8- 14 | ######################                   6
   15- 22 | #########################                7
   23- 29 |                                          0
   30- 37 | ##################                       5
   38- 44 | #################################        9
   45- 52 | #############################            8
   53- 59 | ##################                       5
   60- 67 | ##################                       5
   68- 75 | #########################                7
   76- 82 | ###########                              3
   83- 90 | ######################                   6
   91- 97 | ######################################## 11
   98-105 | #############################            8
  106-112 | #################################        9
  113-120 | #######                                  2
  121-127 | #########################                7
  128-135 | #########################                7
  136-142 | ###############                          4
  143-150 | #########################                7 

[b1]
  (expected 6.0 per bin, uniform)
    0-  7 | ######################################## 12
    8- 14 | ####################                     6
   15- 22 | #######################                  7
   23- 29 | #################                        5
   30- 37 | ###                                      1
   38- 44 | #################                        5
   45- 52 | ##########                               3
   53- 59 | #################                        5
   60- 67 | ##########                               3
   68- 75 | #################                        5
   76- 82 | ##############################           9
   83- 90 | #############                            4
   91- 97 | ###########################              8
   98-105 | ###########################              8
  106-112 | #############                            4
  113-120 | #######################                  7
  121-127 | ##############################           9
  128-135 | #################                        5
  136-142 | #################                        5
  143-150 | ##############################           9 

[b2]
  (expected 6.0 per bin, uniform)
    0-  7 | ######################################## 11
    8- 14 | ###########                              3
   15- 22 | #########################                7
   23- 29 | #############################            8
   30- 37 | #################################        9
   38- 44 | ###########                              3
   45- 52 | ####                                     1
   53- 59 | ######################                   6
   60- 67 | ###########                              3
   68- 75 | ######################                   6
   76- 82 | ##################                       5
   83- 90 | ######################                   6
   91- 97 | ###########                              3
   98-105 | ######################                   6
  106-112 | ######################################## 11
  113-120 | ######################                   6
  121-127 | ##################                       5
  128-135 | ######################                   6
  136-142 | #############################            8
  143-150 | #########################                7 

[avg.f]
  (expected 6.0 per bin, uniform)
    0-  7 | ###########################              8
    8- 14 | #################################        10
   15- 22 | #######                                  2
   23- 29 | #######################                  7
   30- 37 | ###########################              8
   38- 44 | ###########################              8
   45- 52 | #############                            4
   53- 59 | #################                        5
   60- 67 | ##########                               3
   68- 75 | ####################                     6
   76- 82 | ####################                     6
   83- 90 | #######################                  7
   91- 97 | #################                        5
   98-105 | ####################                     6
  106-112 | ##########                               3
  113-120 | ##########                               3
  121-127 | #######################                  7
  128-135 | ####################                     6
  136-142 | #############                            4
  143-150 | ######################################## 12 

[sigma]
  (expected 6.0 per bin, uniform)
    0-  7 | ####################                     9
    8- 14 | ####                                     2
   15- 22 |                                          0
   23- 29 | ####                                     2
   30- 37 | #######                                  3
   38- 44 | ##                                       1
   45- 52 | ###########                              5
   53- 59 | #######                                  3
   60- 67 | ################                         7
   68- 75 | #############                            6
   76- 82 | #########                                4
   83- 90 | ####                                     2
   91- 97 | ###########################              12
   98-105 | #############                            6
  106-112 | ##################                       8
  113-120 | ################                         7
  121-127 | #############################            13
  128-135 | ################                         7
  136-142 | ###########                              5
  143-150 | ######################################## 18 

[f.star1]
  (expected 6.0 per bin, uniform)
    0-  7 | ##########                               3
    8- 14 | #################                        5
   15- 22 | ####################                     6
   23- 29 | ###                                      1
   30- 37 | #####################################    11
   38- 44 | ##############################           9
   45- 52 | #############                            4
   53- 59 | #####################################    11
   60- 67 | #############                            4
   68- 75 | ###########################              8
   76- 82 | ###########################              8
   83- 90 | ##########                               3
   91- 97 | #############                            4
   98-105 | ####################                     6
  106-112 | ####################                     6
  113-120 | ####################                     6
  121-127 | ####################                     6
  128-135 | ###                                      1
  136-142 | ####################                     6
  143-150 | ######################################## 12 

[f.star2]
  (expected 6.0 per bin, uniform)
    0-  7 | ####################                     5
    8- 14 | ########                                 2
   15- 22 | ################                         4
   23- 29 | ################################         8
   30- 37 | ########################                 6
   38- 44 | ################                         4
   45- 52 | ######################################## 10
   53- 59 | ################################         8
   60- 67 | ################                         4
   68- 75 | ########################                 6
   76- 82 | ####################################     9
   83- 90 | ####################################     9
   91- 97 | ################                         4
   98-105 | ####################                     5
  106-112 | ####################                     5
  113-120 | ################                         4
  121-127 | ####################################     9
  128-135 | ################################         8
  136-142 | ################                         4
  143-150 | ########################                 6 

[f.star3]
  (expected 6.0 per bin, uniform)
    0-  7 | ####################################     8
    8- 14 | ###############################          7
   15- 22 | ######################                   5
   23- 29 | ###########################              6
   30- 37 | ####################################     8
   38- 44 | ###########################              6
   45- 52 | ####################################     8
   53- 59 | ######################################## 9
   60- 67 | #########                                2
   68- 75 | ####################################     8
   76- 82 | ###############################          7
   83- 90 | ###############################          7
   91- 97 | ###########################              6
   98-105 | #########                                2
  106-112 | ###############################          7
  113-120 | #########                                2
  121-127 | ####################################     8
  128-135 | ######################                   5
  136-142 | ####                                     1
  143-150 | ####################################     8 

[f.star4]
  (expected 6.0 per bin, uniform)
    0-  7 | ##################                       5
    8- 14 | ######################                   6
   15- 22 | ###########                              3
   23- 29 | #########################                7
   30- 37 | ##################                       5
   38- 44 | ######################                   6
   45- 52 | #################################        9
   53- 59 | ######################                   6
   60- 67 | ######################                   6
   68- 75 | ####################################     10
   76- 82 | ###############                          4
   83- 90 | ###########                              3
   91- 97 | ##################                       5
   98-105 | ###############                          4
  106-112 | ######################                   6
  113-120 | ##################                       5
  121-127 | ######################################## 11
  128-135 | ##################                       5
  136-142 | ###############                          4
  143-150 | ####################################     10 

[f.star5]
  (expected 6.0 per bin, uniform)
    0-  7 | ######################################## 10
    8- 14 | ################################         8
   15- 22 | ############################             7
   23- 29 | ########################                 6
   30- 37 | ################                         4
   38- 44 | ################                         4
   45- 52 | ############################             7
   53- 59 | ########################                 6
   60- 67 | ############################             7
   68- 75 | ########################                 6
   76- 82 | ############################             7
   83- 90 | ####################                     5
   91- 97 | ################                         4
   98-105 | ####################                     5
  106-112 | ################                         4
  113-120 | ####################                     5
  121-127 | ############                             3
  128-135 | ####################                     5
  136-142 | ####################################     9
  143-150 | ################################         8 

DONE unpinned 537.8 s
