pinned prior.scale = 2.5 
  [grouped-gaussian G=8] rep 25/120  81.1s  3.25s/rep
  [grouped-gaussian G=8] rep 50/120  161.9s  3.24s/rep
  [grouped-gaussian G=8] rep 75/120  243.2s  3.24s/rep
  [grouped-gaussian G=8] rep 100/120  323.9s  3.24s/rep
  [grouped-gaussian G=8] rep 120/120  387.7s  3.23s/rep

SBC report: family=gaussian n=160 p=3 nTrees=50 | R=120 L=150 thin=30 burn=2400
wall-clock: 387.7s total, 3.231s/rep; band alpha = 0.05000

functional   chisqP      ksP  ecdfDiff     band verdict
tau           0.031    0.274    0.0909   0.1172   PASS
b1            0.004    0.181    0.0992   0.1172   PASS
b2            0.037    0.123    0.1062   0.1172   PASS
avg.f         0.003    0.130    0.1047   0.1172   PASS
sigma         0.252    0.131    0.1052   0.1172   PASS
f.star1       0.237    0.436    0.0752   0.1172   PASS
f.star2       0.184    0.410    0.0763   0.1172   PASS
f.star3       0.961    0.618    0.0633   0.1172   PASS
f.star4       0.077    0.601    0.0669   0.1172   PASS
f.star5       0.022    0.060    0.1165   0.1172   PASS

Rank histograms:

[tau]
  (expected 6.0 per bin, uniform)
    0-  7 | ##############                           5
    8- 14 | #################                        6
   15- 22 | ##############                           5
   23- 29 | #########                                3
   30- 37 | #########                                3
   38- 44 | #######################                  8
   45- 52 | ###########                              4
   53- 59 | #################                        6
   60- 67 | #############################            10
   68- 75 | ##############                           5
   76- 82 | ###########                              4
   83- 90 | ###########                              4
   91- 97 | ##################################       12
   98-105 | ######################################## 14
  106-112 | ###                                      1
  113-120 | ##############                           5
  121-127 | #################                        6
  128-135 | ##########################               9
  136-142 | #################                        6
  143-150 | ###########                              4 

[b1]
  (expected 6.0 per bin, uniform)
    0-  7 | ######################################## 15
    8- 14 | ################                         6
   15- 22 | ################                         6
   23- 29 | ###################                      7
   30- 37 | ###########                              4
   38- 44 | #####                                    2
   45- 52 | ###########                              4
   53- 59 | #############                            5
   60- 67 | ###########                              4
   68- 75 | ###################                      7
   76- 82 | #####                                    2
   83- 90 |                                          0
   91- 97 | #####################                    8
   98-105 | ################                         6
  106-112 | #############                            5
  113-120 | ###################                      7
  121-127 | #####################                    8
  128-135 | ########                                 3
  136-142 | #####################                    8
  143-150 | ###################################      13 

[b2]
  (expected 6.0 per bin, uniform)
    0-  7 | ######################################## 15
    8- 14 | #############                            5
   15- 22 | ###################                      7
   23- 29 | #####################                    8
   30- 37 | ###                                      1
   38- 44 | ###################                      7
   45- 52 | ###                                      1
   53- 59 | ################                         6
   60- 67 | ###########                              4
   68- 75 | ################                         6
   76- 82 | ################                         6
   83- 90 | #####                                    2
   91- 97 | ###########                              4
   98-105 | ################                         6
  106-112 | ###################                      7
  113-120 | ################                         6
  121-127 | ###################                      7
  128-135 | ###########                              4
  136-142 | #####################                    8
  143-150 | ###########################              10 

[avg.f]
  (expected 6.0 per bin, uniform)
    0-  7 | ###############################          10
    8- 14 | ######################################## 13
   15- 22 | ##################                       6
   23- 29 | #########################                8
   30- 37 | #########                                3
   38- 44 | #########                                3
   45- 52 | ###                                      1
   53- 59 | #########                                3
   60- 67 | ######                                   2
   68- 75 | #########################                8
   76- 82 | #########################                8
   83- 90 | ##################                       6
   91- 97 | ###############                          5
   98-105 | ###############################          10
  106-112 | #########                                3
  113-120 | #########                                3
  121-127 | #########                                3
  128-135 | ###############                          5
  136-142 | ######################                   7
  143-150 | ######################################## 13 

[sigma]
  (expected 6.0 per bin, uniform)
    0-  7 | ######################################## 14
    8- 14 | ######                                   2
   15- 22 | ####################                     7
   23- 29 | #################                        6
   30- 37 | ##########################               9
   38- 44 | ####################                     7
   45- 52 | #################                        6
   53- 59 | ####################                     7
   60- 67 | #################                        6
   68- 75 | #################                        6
   76- 82 | ####################                     7
   83- 90 | #########                                3
   91- 97 | ###########                              4
   98-105 | ##############                           5
  106-112 | #######################                  8
  113-120 | ###########                              4
  121-127 | ###########                              4
  128-135 | ###########                              4
  136-142 | #########                                3
  143-150 | #######################                  8 

[f.star1]
  (expected 6.0 per bin, uniform)
    0-  7 | ############################             9
    8- 14 | ############                             4
   15- 22 | ############                             4
   23- 29 | ######################                   7
   30- 37 | ######                                   2
   38- 44 | #########################                8
   45- 52 | ############################             9
   53- 59 | ###############                          5
   60- 67 | ###############                          5
   68- 75 | ##################                       6
   76- 82 | #########                                3
   83- 90 | ############                             4
   91- 97 | ######################                   7
   98-105 | #########################                8
  106-112 | ######                                   2
  113-120 | ##################                       6
  121-127 | ######################                   7
  128-135 | ############                             4
  136-142 | ######################                   7
  143-150 | ######################################## 13 

[f.star2]
  (expected 6.0 per bin, uniform)
    0-  7 | #######################                  7
    8- 14 | ##########                               3
   15- 22 | ####################                     6
   23- 29 | #######                                  2
   30- 37 | #######################                  7
   38- 44 | ##########                               3
   45- 52 | #################################        10
   53- 59 | #######################                  7
   60- 67 | #######################                  7
   68- 75 | #######################                  7
   76- 82 | #############                            4
   83- 90 | ###########################              8
   91- 97 | #################                        5
   98-105 | ##########                               3
  106-112 | #################                        5
  113-120 | ##########                               3
  121-127 | ######################################## 12
  128-135 | #################                        5
  136-142 | #################                        5
  143-150 | #####################################    11 

[f.star3]
  (expected 6.0 per bin, uniform)
    0-  7 | ######################################## 9
    8- 14 | ###############################          7
   15- 22 | ######################                   5
   23- 29 | ######################################## 9
   30- 37 | ###############################          7
   38- 44 | ###############################          7
   45- 52 | #############                            3
   53- 59 | ######################                   5
   60- 67 | ####################################     8
   68- 75 | ######################                   5
   76- 82 | ######################                   5
   83- 90 | ###########################              6
   91- 97 | ######################                   5
   98-105 | ######################                   5
  106-112 | ######################                   5
  113-120 | ##################                       4
  121-127 | ###########################              6
  128-135 | ##################                       4
  136-142 | ###########################              6
  143-150 | ######################################## 9 

[f.star4]
  (expected 6.0 per bin, uniform)
    0-  7 | #################################        10
    8- 14 | ####################                     6
   15- 22 | #############                            4
   23- 29 | #######                                  2
   30- 37 | ###########################              8
   38- 44 | ####################                     6
   45- 52 | ###                                      1
   53- 59 | ##############################           9
   60- 67 | ####################                     6
   68- 75 | #################################        10
   76- 82 | #######################                  7
   83- 90 | #############                            4
   91- 97 | #######                                  2
   98-105 | #################                        5
  106-112 | ###########################              8
  113-120 | #################                        5
  121-127 | #######################                  7
  128-135 | ####################                     6
  136-142 | #######                                  2
  143-150 | ######################################## 12 

[f.star5]
  (expected 6.0 per bin, uniform)
    0-  7 | ######################################## 12
    8- 14 | #######################                  7
   15- 22 | #####################################    11
   23- 29 | ###########################              8
   30- 37 | ##########                               3
   38- 44 | #################                        5
   45- 52 | ##########                               3
   53- 59 | #############                            4
   60- 67 | #############                            4
   68- 75 | #################                        5
   76- 82 | ##############################           9
   83- 90 | #################                        5
   91- 97 | ##########                               3
   98-105 | ####################                     6
  106-112 | ##########                               3
  113-120 | ##########                               3
  121-127 | #######                                  2
  128-135 | #################                        5
  136-142 | ######################################## 12
  143-150 | #################################        10 

DONE pinned 387.7 s
