== arm logistic  nTrees=200 n=150 R=200 L=200 thin=30 ==
  self-checks: sigma PASS
  [logistic] rep 25/200  524.0s elapsed  20.96s/rep
  [logistic] rep 50/200  1050.1s elapsed  21.00s/rep
  [logistic] rep 75/200  1496.6s elapsed  19.96s/rep
  [logistic] rep 100/200  1960.1s elapsed  19.60s/rep
  [logistic] rep 125/200  2390.3s elapsed  19.12s/rep
  [logistic] rep 150/200  2811.7s elapsed  18.74s/rep
  [logistic] rep 175/200  3245.5s elapsed  18.55s/rep
  [logistic] rep 200/200  3656.9s elapsed  18.28s/rep

SBC report: family=logistic n=150 p=3 nTrees=200 | R=200 L=200 thin=30 burn=2400
wall-clock: 3656.9s total, 18.284s/rep; band alpha = 0.05000

functional   chisqP      ksP  ecdfDiff     band verdict
avg.f         0.795    0.943    0.0368   0.0917   PASS
f.star1       0.657    0.960    0.0334   0.0917   PASS
f.star2       0.009    0.232    0.0717   0.0917   PASS
f.star3       0.966    0.903    0.0387   0.0917   PASS
f.star4       0.274    0.775    0.0430   0.0917   PASS
f.star5       0.710    0.402    0.0587   0.0917   PASS

Rank histograms:

[avg.f]
  (expected 10.0 per bin, uniform)
    0-  9 | ######################################## 15
   10- 19 | ########################                 9
   20- 29 | ################                         6
   30- 39 | ###################################      13
   40- 49 | ################################         12
   50- 59 | ########################                 9
   60- 69 | #############################            11
   70- 79 | ###########################              10
   80- 89 | #####################                    8
   90- 99 | ###########                              4
  100-110 | ###########################              10
  111-120 | #############################            11
  121-130 | #############################            11
  131-140 | #####################################    14
  141-150 | #####################                    8
  151-160 | #############################            11
  161-170 | #############################            11
  171-180 | ################################         12
  181-190 | #####################                    8
  191-200 | ###################                      7 

[f.star1]
  (expected 10.0 per bin, uniform)
    0-  9 | #############################            13
   10- 19 | ##################                       8
   20- 29 | ####################                     9
   30- 39 | ####################                     9
   40- 49 | ####################                     9
   50- 59 | ###########################              12
   60- 69 | #############################            13
   70- 79 | ####################                     9
   80- 89 | ###########                              5
   90- 99 | ##################                       8
  100-110 | ######################################## 18
  111-120 | ###########################              12
  121-130 | ######################                   10
  131-140 | ##################                       8
  141-150 | ######################                   10
  151-160 | ##################                       8
  161-170 | ##################                       8
  171-180 | ####################                     9
  181-190 | ###############################          14
  191-200 | ##################                       8 

[f.star2]
  (expected 10.0 per bin, uniform)
    0-  9 | ####################################     16
   10- 19 | ###############################          14
   20- 29 | ##################                       8
   30- 39 | ########################                 11
   40- 49 | #############################            13
   50- 59 | #############                            6
   60- 69 | ####################################     16
   70- 79 | ###########                              5
   80- 89 | #############                            6
   90- 99 | ########################                 11
  100-110 | #######                                  3
  111-120 | ######################################## 18
  121-130 | ###############################          14
  131-140 | ################                         7
  141-150 | ###########################              12
  151-160 | ##################                       8
  161-170 | #############################            13
  171-180 | ##################                       8
  181-190 | ################                         7
  191-200 | #########                                4 

[f.star3]
  (expected 10.0 per bin, uniform)
    0-  9 | ############################             9
   10- 19 | ###############################          10
   20- 29 | #########################                8
   30- 39 | ##################################       11
   40- 49 | ##################                       6
   50- 59 | ######################################## 13
   60- 69 | #########################                8
   70- 79 | ############################             9
   80- 89 | ######################################## 13
   90- 99 | ###############################          10
  100-110 | #####################################    12
  111-120 | ##################################       11
  121-130 | ##################################       11
  131-140 | #########################                8
  141-150 | ##################################       11
  151-160 | #####################################    12
  161-170 | #####################################    12
  171-180 | ###############                          5
  181-190 | #####################################    12
  191-200 | ############################             9 

[f.star4]
  (expected 10.0 per bin, uniform)
    0-  9 | #################################        14
   10- 19 | ########################                 10
   20- 29 | ##########################               11
   30- 39 | ##########################               11
   40- 49 | #########                                4
   50- 59 | ###################                      8
   60- 69 | ############                             5
   70- 79 | #####################                    9
   80- 89 | ############################             12
   90- 99 | ############################             12
  100-110 | ###################################      15
  111-120 | ########################                 10
  121-130 | ###################                      8
  131-140 | ######################################## 17
  141-150 | #####################                    9
  151-160 | ###################                      8
  161-170 | ###############################          13
  171-180 | ############                             5
  181-190 | ################                         7
  191-200 | ############################             12 

[f.star5]
  (expected 10.0 per bin, uniform)
    0-  9 | ############################             11
   10- 19 | #########################                10
   20- 29 | ######################                   9
   30- 39 | ##################                       7
   40- 49 | ########                                 3
   50- 59 | ######################################## 16
   60- 69 | ######################                   9
   70- 79 | #########################                10
   80- 89 | #########################                10
   90- 99 | ############################             11
  100-110 | ##################                       7
  111-120 | ############################             11
  121-130 | ################################         13
  131-140 | ###################################      14
  141-150 | ######################                   9
  151-160 | ##################                       7
  161-170 | ##############################           12
  171-180 | ######################                   9
  181-190 | ##############################           12
  191-200 | #########################                10 

DONE logistic elapsed 3656.9s
