== arm multinom  nTrees=200 n=150 R=200 L=150 thin=30 ==
  softmax vs reported: 0.00e+00
  self-checks: sigma PASS softmax PASS
  [multinomial] rep 25/200  157.6s elapsed  6.30s/rep
  [multinomial] rep 50/200  315.4s elapsed  6.31s/rep
  [multinomial] rep 75/200  472.3s elapsed  6.30s/rep
  [multinomial] rep 100/200  629.0s elapsed  6.29s/rep
  [multinomial] rep 125/200  786.5s elapsed  6.29s/rep
  [multinomial] rep 150/200  944.7s elapsed  6.30s/rep
  [multinomial] rep 175/200  1102.9s elapsed  6.30s/rep
  [multinomial] rep 200/200  1261.5s elapsed  6.31s/rep

SBC report: family=multinomial n=150 p=3 nTrees=200 | R=200 L=150 thin=30 burn=200
wall-clock: 1261.5s total, 6.307s/rep; band alpha = 0.05000

functional   chisqP      ksP  ecdfDiff     band verdict
p1            0.710    0.429    0.0598   0.0924   PASS
p2            0.348    0.906    0.0373   0.0924   PASS
p3            0.858    0.363    0.0645   0.0924   PASS
f.1.1         0.326    0.149    0.0779   0.0924   PASS
f.2.2         0.395    0.244    0.0701   0.0924   PASS
f.3.3         0.958    0.728    0.0439   0.0924   PASS

Rank histograms:

[p1]
  (expected 10.0 per bin, uniform)
    0-  7 | ####################                     9
    8- 14 | ##################                       8
   15- 22 | ######################                   10
   23- 29 | ######################################## 18
   30- 37 | #########                                4
   38- 44 | ###########################              12
   45- 52 | ########################                 11
   53- 59 | ######################                   10
   60- 67 | ######################                   10
   68- 75 | ########################                 11
   76- 82 | ###########################              12
   83- 90 | ########################                 11
   91- 97 | #############################            13
   98-105 | ########################                 11
  106-112 | ######################                   10
  113-120 | ################                         7
  121-127 | ##################                       8
  128-135 | ##################                       8
  136-142 | ######################                   10
  143-150 | ################                         7 

[p2]
  (expected 10.0 per bin, uniform)
    0-  7 | ######################                   10
    8- 14 | ##################                       8
   15- 22 | ########################                 11
   23- 29 | #################################        15
   30- 37 | ################                         7
   38- 44 | ########################                 11
   45- 52 | ###########                              5
   53- 59 | #############################            13
   60- 67 | ####################                     9
   68- 75 | #############################            13
   76- 82 | #############                            6
   83- 90 | ########################                 11
   91- 97 | #############################            13
   98-105 | ######################                   10
  106-112 | ########################                 11
  113-120 | ##################                       8
  121-127 | ################                         7
  128-135 | #############                            6
  136-142 | ######################################## 18
  143-150 | ##################                       8 

[p3]
  (expected 10.0 per bin, uniform)
    0-  7 | ##################                       7
    8- 14 | ################################         13
   15- 22 | ####################                     8
   23- 29 | #########################                10
   30- 37 | #########################                10
   38- 44 | #########################                10
   45- 52 | ##########                               4
   53- 59 | ####################                     8
   60- 67 | ############################             11
   68- 75 | #########################                10
   76- 82 | ######################                   9
   83- 90 | ############################             11
   91- 97 | ################################         13
   98-105 | #########################                10
  106-112 | ################################         13
  113-120 | ######################                   9
  121-127 | ############################             11
  128-135 | ######################                   9
  136-142 | ######################################## 16
  143-150 | ####################                     8 

[f.1.1]
  (expected 10.0 per bin, uniform)
    0-  7 | ###############################          13
    8- 14 | ###############################          13
   15- 22 | ######################################## 17
   23- 29 | #####################                    9
   30- 37 | #####################                    9
   38- 44 | #####################                    9
   45- 52 | ################                         7
   53- 59 | ###############################          13
   60- 67 | ###############################          13
   68- 75 | ###################                      8
   76- 82 | #################################        14
   83- 90 | ################                         7
   91- 97 | ###############################          13
   98-105 | #####################                    9
  106-112 | #######                                  3
  113-120 | ##############                           6
  121-127 | ########################                 10
  128-135 | ##########################               11
  136-142 | ################                         7
  143-150 | #####################                    9 

[f.2.2]
  (expected 10.0 per bin, uniform)
    0-  7 | ###################################      13
    8- 14 | #############################            11
   15- 22 | ###########################              10
   23- 29 | ######################################## 15
   30- 37 | #####################################    14
   38- 44 | ########################                 9
   45- 52 | ########################                 9
   53- 59 | ###################                      7
   60- 67 | ###########                              4
   68- 75 | ###################################      13
   76- 82 | ########################                 9
   83- 90 | #####################                    8
   91- 97 | ########################                 9
   98-105 | #####################                    8
  106-112 | #####################################    14
  113-120 | ########################                 9
  121-127 | ###########                              4
  128-135 | #############################            11
  136-142 | ######################################## 15
  143-150 | #####################                    8 

[f.3.3]
  (expected 10.0 per bin, uniform)
    0-  7 | ##################################       12
    8- 14 | ###############################          11
   15- 22 | ###############################          11
   23- 29 | ##########################               9
   30- 37 | ###############################          11
   38- 44 | ######################################## 14
   45- 52 | #######################                  8
   53- 59 | #######################                  8
   60- 67 | #############################            10
   68- 75 | ###############################          11
   76- 82 | ###############################          11
   83- 90 | #################                        6
   91- 97 | ###############################          11
   98-105 | #################                        6
  106-112 | ####################                     7
  113-120 | #############################            10
  121-127 | ######################################## 14
  128-135 | ###############################          11
  136-142 | ###############################          11
  143-150 | #######################                  8 

DONE multinom elapsed 1261.5s
