== arm nbinom  nTrees=200 n=150 R=200 L=150 thin=30 ==
  predict vs recorded latent: train 1.55e-15 test 0.00e+00
  self-checks: sigma PASS grid PASS latent PASS
  [nbinom] rep 25/200  533.0s elapsed  21.32s/rep
  [nbinom] rep 50/200  967.6s elapsed  19.35s/rep
  [nbinom] rep 75/200  1505.4s elapsed  20.07s/rep
  [nbinom] rep 100/200  1989.1s elapsed  19.89s/rep
  [nbinom] rep 125/200  2459.3s elapsed  19.67s/rep
  [nbinom] rep 150/200  3001.6s elapsed  20.01s/rep
  [nbinom] rep 175/200  3463.9s elapsed  19.79s/rep
  [nbinom] rep 200/200  3859.6s elapsed  19.30s/rep

SBC report: family=nbinom n=150 p=3 nTrees=200 | R=200 L=150 thin=30 burn=800
wall-clock: 3859.6s total, 19.298s/rep; band alpha = 0.05000

functional   chisqP      ksP  ecdfDiff     band verdict
r             0.000    0.000    0.2000   0.0924   FLAG
avg.mu        0.204    0.079    0.0884   0.0924   PASS
agg.psi       0.000    0.000    0.1785   0.0924   FLAG

Rank histograms:

[r]
  (expected 10.0 per bin, uniform)
    0-  7 | ###############                          15
    8- 14 | ###############                          15
   15- 22 | ####                                     4
   23- 29 | #############                            13
   30- 37 | ###                                      3
   38- 44 | #######                                  7
   45- 52 | #####                                    5
   53- 59 | #######                                  7
   60- 67 | ##                                       2
   68- 75 | #######                                  7
   76- 82 | #########                                9
   83- 90 | ######                                   6
   91- 97 | #####                                    5
   98-105 | #######                                  7
  106-112 | ######                                   6
  113-120 | ###############                          15
  121-127 | #######                                  7
  128-135 | ##########                               10
  136-142 | ################                         16
  143-150 | ######################################## 41 

[avg.mu]
  (expected 10.0 per bin, uniform)
    0-  7 | ####################                     9
    8- 14 | ######################                   10
   15- 22 | ####################                     9
   23- 29 | #################################        15
   30- 37 | ####################                     9
   38- 44 | ###############################          14
   45- 52 | ####################################     16
   53- 59 | ################                         7
   60- 67 | ######################                   10
   68- 75 | ######################################## 18
   76- 82 | ######################                   10
   83- 90 | ################                         7
   91- 97 | ################                         7
   98-105 | ################                         7
  106-112 | #############                            6
  113-120 | ######################                   10
  121-127 | ####################                     9
  128-135 | ################                         7
  136-142 | ###############################          14
  143-150 | #############                            6 

[agg.psi]
  (expected 10.0 per bin, uniform)
    0-  7 | ######################################## 44
    8- 14 | ######                                   7
   15- 22 | ######                                   7
   23- 29 | ###########                              12
   30- 37 | ##########                               11
   38- 44 | #########                                10
   45- 52 | #####                                    6
   53- 59 | #####                                    6
   60- 67 | ####                                     4
   68- 75 | ####                                     4
   76- 82 | ###########                              12
   83- 90 | ####                                     4
   91- 97 | ######                                   7
   98-105 | #######                                  8
  106-112 | ########                                 9
  113-120 | #####                                    5
  121-127 | ########                                 9
  128-135 | #####                                    6
  136-142 | #########                                10
  143-150 | #################                        19 

DONE nbinom elapsed 3859.6s
