== arm ordinal  nTrees=200 n=150 R=100 L=150 thin=90 ==
  predict vs recorded latent: train 4.22e-15 test 0.00e+00
  self-checks: sigma PASS cutpoints PASS latent PASS
  [ordinal] rep 25/100  551.2s elapsed  22.05s/rep
  [ordinal] rep 50/100  1081.6s elapsed  21.63s/rep
  [ordinal] rep 75/100  1616.8s elapsed  21.56s/rep
  [ordinal] rep 100/100  2154.7s elapsed  21.55s/rep

SBC report: family=ordinal n=150 p=3 nTrees=200 | R=100 L=150 thin=90 burn=1200
wall-clock: 2154.7s total, 21.547s/rep; band alpha = 0.05000

functional   chisqP      ksP  ecdfDiff     band verdict
gamma2        0.576    0.737    0.0666   0.1332   PASS
gamma3        0.684    0.258    0.0981   0.1332   PASS
avg.eta       0.522    0.433    0.0837   0.1332   PASS
eta.star1     0.142    0.232    0.1023   0.1332   PASS
eta.star2     0.196    0.177    0.1075   0.1332   PASS
eta.star3     0.167    0.385    0.0888   0.1332   PASS
p1            0.142    0.448    0.0801   0.1332   PASS
p2            0.444    0.344    0.0911   0.1332   PASS
p3            0.917    0.548    0.0760   0.1332   PASS
p4            0.038    0.035    0.1413   0.1332   FLAG

Rank histograms:

[gamma2]
  (expected 5.0 per bin, uniform)
    0-  7 | ######################################## 8
    8- 14 | ####################                     4
   15- 22 | #########################                5
   23- 29 | ##############################           6
   30- 37 | ##########                               2
   38- 44 | #########################                5
   45- 52 | ##############################           6
   53- 59 | #########################                5
   60- 67 | ######################################## 8
   68- 75 | ###################################      7
   76- 82 | ##########                               2
   83- 90 | ######################################## 8
   91- 97 | ###############                          3
   98-105 | #########################                5
  106-112 | #####                                    1
  113-120 | ###############                          3
  121-127 | ####################                     4
  128-135 | ####################                     4
  136-142 | ###################################      7
  143-150 | ###################################      7 

[gamma3]
  (expected 5.0 per bin, uniform)
    0-  7 | ###############                          4
    8- 14 | ###############                          4
   15- 22 | ######################                   6
   23- 29 | ###############                          4
   30- 37 | ##################                       5
   38- 44 | #########################                7
   45- 52 | ######################                   6
   53- 59 | ######################                   6
   60- 67 | ###########                              3
   68- 75 | ###########                              3
   76- 82 | ######################                   6
   83- 90 | ###########                              3
   91- 97 | ###########                              3
   98-105 | ##################                       5
  106-112 | ###############                          4
  113-120 | ###########                              3
  121-127 | ##################                       5
  128-135 | #############################            8
  136-142 | ###############                          4
  143-150 | ######################################## 11 

[avg.eta]
  (expected 5.0 per bin, uniform)
    0-  7 | ##################                       4
    8- 14 | ##################                       4
   15- 22 | ##################                       4
   23- 29 | ####################################     8
   30- 37 | #############                            3
   38- 44 | ####################################     8
   45- 52 | ######################                   5
   53- 59 | ###############################          7
   60- 67 | ######################                   5
   68- 75 | ###############################          7
   76- 82 | ######################################## 9
   83- 90 | ####                                     1
   91- 97 | ##################                       4
   98-105 | #############                            3
  106-112 | ###########################              6
  113-120 | #########                                2
  121-127 | #############                            3
  128-135 | ###############################          7
  136-142 | ##################                       4
  143-150 | ###########################              6 

[eta.star1]
  (expected 5.0 per bin, uniform)
    0-  7 | #################################        9
    8- 14 | #############################            8
   15- 22 | ##################                       5
   23- 29 | ######################                   6
   30- 37 | ###########                              3
   38- 44 | #######                                  2
   45- 52 | ######################################## 11
   53- 59 | ###########                              3
   60- 67 | ###########                              3
   68- 75 | ######################                   6
   76- 82 | #######                                  2
   83- 90 | ###########                              3
   91- 97 | #############################            8
   98-105 | ###########                              3
  106-112 | ##################                       5
  113-120 | ###########                              3
  121-127 | ##################                       5
  128-135 | #########################                7
  136-142 | ######################                   6
  143-150 | #######                                  2 

[eta.star2]
  (expected 5.0 per bin, uniform)
    0-  7 | ################################         8
    8- 14 | ########                                 2
   15- 22 | ########                                 2
   23- 29 | ####################                     5
   30- 37 | ########                                 2
   38- 44 | ####################                     5
   45- 52 | ########                                 2
   53- 59 | ################################         8
   60- 67 | ####################                     5
   68- 75 | ######################################## 10
   76- 82 | ################                         4
   83- 90 | ################                         4
   91- 97 | ########                                 2
   98-105 | ############################             7
  106-112 | ####################################     9
  113-120 | ####################                     5
  121-127 | ############                             3
  128-135 | ########################                 6
  136-142 | ################                         4
  143-150 | ############################             7 

[eta.star3]
  (expected 5.0 per bin, uniform)
    0-  7 | ####################################     8
    8- 14 | #########                                2
   15- 22 | ###############################          7
   23- 29 | ######################################## 9
   30- 37 | ##################                       4
   38- 44 | ##################                       4
   45- 52 |                                          0
   53- 59 | ###############################          7
   60- 67 | ##################                       4
   68- 75 | ######################################## 9
   76- 82 | #############                            3
   83- 90 | ##################                       4
   91- 97 | ###########################              6
   98-105 | ##################                       4
  106-112 | ###############################          7
  113-120 | ####################################     8
  121-127 | ###########################              6
  128-135 | #############                            3
  136-142 | #########                                2
  143-150 | #############                            3 

[p1]
  (expected 5.0 per bin, uniform)
    0-  7 | ########################                 6
    8- 14 | ################                         4
   15- 22 | ############                             3
   23- 29 | ################################         8
   30- 37 | ############                             3
   38- 44 | ################################         8
   45- 52 | ############                             3
   53- 59 | ########                                 2
   60- 67 | ############                             3
   68- 75 | ############                             3
   76- 82 | ############################             7
   83- 90 | ################################         8
   91- 97 | ####################################     9
   98-105 | ########################                 6
  106-112 | ########                                 2
  113-120 | ############                             3
  121-127 | ######################################## 10
  128-135 | ################                         4
  136-142 | ########################                 6
  143-150 | ########                                 2 

[p2]
  (expected 5.0 per bin, uniform)
    0-  7 | ###########################              6
    8- 14 | ###########################              6
   15- 22 | #############                            3
   23- 29 | ##################                       4
   30- 37 | #############                            3
   38- 44 | #########                                2
   45- 52 | ######################                   5
   53- 59 | ######################                   5
   60- 67 | ####################################     8
   68- 75 | ###############################          7
   76- 82 | ###########################              6
   83- 90 | ######################################## 9
   91- 97 | ######################                   5
   98-105 | ####                                     1
  106-112 | ##################                       4
  113-120 | #############                            3
  121-127 | ###############################          7
  128-135 | #############                            3
  136-142 | ######################################## 9
  143-150 | ##################                       4 

[p3]
  (expected 5.0 per bin, uniform)
    0-  7 | ###################################      7
    8- 14 | ###################################      7
   15- 22 | ###############                          3
   23- 29 | ######################################## 8
   30- 37 | #########################                5
   38- 44 | #########################                5
   45- 52 | ###################################      7
   53- 59 | ##############################           6
   60- 67 | ##########                               2
   68- 75 | #########################                5
   76- 82 | ####################                     4
   83- 90 | ##########                               2
   91- 97 | #########################                5
   98-105 | #########################                5
  106-112 | #########################                5
  113-120 | ####################                     4
  121-127 | ####################                     4
  128-135 | ###################################      7
  136-142 | ##############################           6
  143-150 | ###############                          3 

[p4]
  (expected 5.0 per bin, uniform)
    0-  7 | ######################################## 12
    8- 14 | #################################        10
   15- 22 | #################                        5
   23- 29 | #######################                  7
   30- 37 | ###                                      1
   38- 44 | #######                                  2
   45- 52 | #######################                  7
   53- 59 | #############                            4
   60- 67 |                                          0
   68- 75 | #############                            4
   76- 82 | #################                        5
   83- 90 | #################                        5
   91- 97 | #############                            4
   98-105 | ####################                     6
  106-112 | #############                            4
  113-120 | ##########                               3
  121-127 | ###########################              8
  128-135 | #############                            4
  136-142 | ####################                     6
  143-150 | ##########                               3 

DONE ordinal-thin90 elapsed 2154.7s
