== arm ordinal  nTrees=200 n=150 R=200 L=150 thin=30 ==
  predict vs recorded latent: train 4.22e-15 test 0.00e+00
  self-checks: sigma PASS cutpoints PASS latent PASS
  [ordinal] rep 25/200  201.6s elapsed  8.06s/rep
  [ordinal] rep 50/200  399.4s elapsed  7.99s/rep
  [ordinal] rep 75/200  588.8s elapsed  7.85s/rep
  [ordinal] rep 100/200  762.8s elapsed  7.63s/rep
  [ordinal] rep 125/200  933.1s elapsed  7.46s/rep
  [ordinal] rep 150/200  1105.2s elapsed  7.37s/rep
  [ordinal] rep 175/200  1275.8s elapsed  7.29s/rep
  [ordinal] rep 200/200  1445.3s elapsed  7.23s/rep

SBC report: family=ordinal n=150 p=3 nTrees=200 | R=200 L=150 thin=30 burn=1200
wall-clock: 1445.3s total, 7.227s/rep; band alpha = 0.05000

functional   chisqP      ksP  ecdfDiff     band verdict
gamma2        0.125    0.220    0.0722   0.0924   PASS
gamma3        0.006    0.183    0.0739   0.0924   PASS
avg.eta       0.509    0.932    0.0363   0.0924   PASS
eta.star1     0.563    0.379    0.0629   0.0924   PASS
eta.star2     0.057    0.355    0.0633   0.0924   PASS
eta.star3     0.011    0.021    0.1065   0.0924   FLAG
p1            0.049    0.545    0.0520   0.0924   PASS
p2            0.644    0.934    0.0332   0.0924   PASS
p3            0.109    0.386    0.0593   0.0924   PASS
p4            0.431    0.432    0.0579   0.0924   PASS

Rank histograms:

[gamma2]
  (expected 10.0 per bin, uniform)
    0-  7 | ######################################## 24
    8- 14 | #################                        10
   15- 22 | ############                             7
   23- 29 | ###############                          9
   30- 37 | #######################                  14
   38- 44 | ############                             7
   45- 52 | ##################                       11
   53- 59 | #################                        10
   60- 67 | ###############                          9
   68- 75 | #################                        10
   76- 82 | #################                        10
   83- 90 | ###############                          9
   91- 97 | #################                        10
   98-105 | ############                             7
  106-112 | ##################                       11
  113-120 | ############                             7
  121-127 | #################                        10
  128-135 | #############                            8
  136-142 | #############                            8
  143-150 | ###############                          9 

[gamma3]
  (expected 10.0 per bin, uniform)
    0-  7 | ######################################## 22
    8- 14 | ########################                 13
   15- 22 | ###########                              6
   23- 29 | #########################                14
   30- 37 | ###########                              6
   38- 44 | ##################                       10
   45- 52 | #########                                5
   53- 59 | ###############                          8
   60- 67 | ###########                              6
   68- 75 | ###########################              15
   76- 82 | ###########                              6
   83- 90 | #############                            7
   91- 97 | #########################                14
   98-105 | #############                            7
  106-112 | ################                         9
  113-120 | ###########                              6
  121-127 | ##################                       10
  128-135 | ###############                          8
  136-142 | ######################                   12
  143-150 | #############################            16 

[avg.eta]
  (expected 10.0 per bin, uniform)
    0-  7 | #####################################    14
    8- 14 | ###########################              10
   15- 22 | ###########################              10
   23- 29 | ###################################      13
   30- 37 | ################                         6
   38- 44 | ########################                 9
   45- 52 | ########################                 9
   53- 59 | ###########                              4
   60- 67 | ###########################              10
   68- 75 | ###################################      13
   76- 82 | ######################################## 15
   83- 90 | ###########################              10
   91- 97 | #####################################    14
   98-105 | ###################                      7
  106-112 | ########################                 9
  113-120 | ###################                      7
  121-127 | ################                         6
  128-135 | #####################################    14
  136-142 | #############################            11
  143-150 | ########################                 9 

[eta.star1]
  (expected 10.0 per bin, uniform)
    0-  7 | ####################                     8
    8- 14 | ####################                     8
   15- 22 | ######################                   9
   23- 29 | ################################         13
   30- 37 | ######################                   9
   38- 44 | ######################################## 16
   45- 52 | ######################                   9
   53- 59 | ##################                       7
   60- 67 | ######################################   15
   68- 75 | ############################             11
   76- 82 | #########################                10
   83- 90 | ##############################           12
   91- 97 | ################################         13
   98-105 | #########################                10
  106-112 | #########################                10
  113-120 | ############                             5
  121-127 | ###################################      14
  128-135 | ####################                     8
  136-142 | ##################                       7
  143-150 | ###############                          6 

[eta.star2]
  (expected 10.0 per bin, uniform)
    0-  7 | ####                                     2
    8- 14 | #####################                    10
   15- 22 | ###############                          7
   23- 29 | ###########################              13
   30- 37 | ###################                      9
   38- 44 | ###################                      9
   45- 52 | #########################                12
   53- 59 | ####################################     17
   60- 67 | ###########                              5
   68- 75 | ################################         15
   76- 82 | #################                        8
   83- 90 | #############                            6
   91- 97 | ###################                      9
   98-105 | #################                        8
  106-112 | #####################                    10
  113-120 | ######################################## 19
  121-127 | ###################                      9
  128-135 | #######################                  11
  136-142 | #####################                    10
  143-150 | #######################                  11 

[eta.star3]
  (expected 10.0 per bin, uniform)
    0-  7 | #############################            14
    8- 14 | ################################         15
   15- 22 | #############                            6
   23- 29 | ###################                      9
   30- 37 | #############################            14
   38- 44 | #############                            6
   45- 52 | ###################                      9
   53- 59 | ###################                      9
   60- 67 | ###############                          7
   68- 75 | ###################                      9
   76- 82 | #########################                12
   83- 90 | #############################            14
   91- 97 | ######################################## 19
   98-105 | ###########################              13
  106-112 | #############################            14
  113-120 | #############                            6
  121-127 | #########################                12
  128-135 | ######                                   3
  136-142 | ########                                 4
  143-150 | ###########                              5 

[p1]
  (expected 10.0 per bin, uniform)
    0-  7 | ######################################## 15
    8- 14 | ###########################              10
   15- 22 | ########                                 3
   23- 29 | #####################################    14
   30- 37 | #####################                    8
   38- 44 | ################                         6
   45- 52 | ###################                      7
   53- 59 | ######################################## 15
   60- 67 | ########                                 3
   68- 75 | ###################################      13
   76- 82 | #####################################    14
   83- 90 | ########################                 9
   91- 97 | ################################         12
   98-105 | ################                         6
  106-112 | #####################################    14
  113-120 | ###################                      7
  121-127 | ###################################      13
  128-135 | ################                         6
  136-142 | ###################################      13
  143-150 | ################################         12 

[p2]
  (expected 10.0 per bin, uniform)
    0-  7 | #####################################    13
    8- 14 | #############################            10
   15- 22 | ####################                     7
   23- 29 | #############################            10
   30- 37 | #############################            10
   38- 44 | ######################################## 14
   45- 52 | ###############################          11
   53- 59 | ##################################       12
   60- 67 | #######################                  8
   68- 75 | #############################            10
   76- 82 | ###########                              4
   83- 90 | #############################            10
   91- 97 | ######################################## 14
   98-105 | ####################                     7
  106-112 | #####################################    13
  113-120 | #################                        6
  121-127 | ##################################       12
  128-135 | ####################                     7
  136-142 | ######################################## 14
  143-150 | #######################                  8 

[p3]
  (expected 10.0 per bin, uniform)
    0-  7 | ##########                               5
    8- 14 | ########################                 12
   15- 22 | ################                         8
   23- 29 | ##################                       9
   30- 37 | ##################                       9
   38- 44 | ######################                   11
   45- 52 | ##########                               5
   53- 59 | ######################################## 20
   60- 67 | ##############                           7
   68- 75 | ##############                           7
   76- 82 | ########################                 12
   83- 90 | ##########                               5
   91- 97 | ####################                     10
   98-105 | ######################                   11
  106-112 | ############################             14
  113-120 | ##############                           7
  121-127 | ########################                 12
  128-135 | ##################                       9
  136-142 | ########################                 12
  143-150 | ##############################           15 

[p4]
  (expected 10.0 per bin, uniform)
    0-  7 | ##############################           12
    8- 14 | ######################################   15
   15- 22 | ######################                   9
   23- 29 | ####################                     8
   30- 37 | ###############                          6
   38- 44 | ####################                     8
   45- 52 | ####################                     8
   53- 59 | ############################             11
   60- 67 | ##################                       7
   68- 75 | ############################             11
   76- 82 | ############                             5
   83- 90 | ################################         13
   91- 97 | ############################             11
   98-105 | ################################         13
  106-112 | #########################                10
  113-120 | ####################                     8
  121-127 | #########################                10
  128-135 | ############                             5
  136-142 | ######################################## 16
  143-150 | ###################################      14 

DONE ordinal elapsed 1445.3s
