== arm probit  nTrees=200 n=150 R=200 L=200 thin=30 ==
  self-checks: sigma PASS
  [probit] rep 25/200  438.5s elapsed  17.54s/rep
  [probit] rep 50/200  908.7s elapsed  18.17s/rep
  [probit] rep 75/200  1312.3s elapsed  17.50s/rep
  [probit] rep 100/200  1711.1s elapsed  17.11s/rep
  [probit] rep 125/200  2082.3s elapsed  16.66s/rep
  [probit] rep 150/200  2453.7s elapsed  16.36s/rep
  [probit] rep 175/200  2817.7s elapsed  16.10s/rep
  [probit] rep 200/200  3190.1s elapsed  15.95s/rep

SBC report: family=probit n=150 p=3 nTrees=200 | R=200 L=200 thin=30 burn=2400
wall-clock: 3190.1s total, 15.951s/rep; band alpha = 0.05000

functional   chisqP      ksP  ecdfDiff     band verdict
avg.f         0.212    0.081    0.0885   0.0917   PASS
f.star1       0.348    0.493    0.0562   0.0917   PASS
f.star2       0.630    0.395    0.0622   0.0917   PASS
f.star3       0.657    0.144    0.0770   0.0917   PASS
f.star4       0.006    0.125    0.0820   0.0917   PASS
f.star5       0.189    0.111    0.0818   0.0917   PASS

Rank histograms:

[avg.f]
  (expected 10.0 per bin, uniform)
    0-  9 | ###################                      7
   10- 19 | ########################                 9
   20- 29 | ###########################              10
   30- 39 | #####################################    14
   40- 49 | ########################                 9
   50- 59 | ######################################## 15
   60- 69 | #####################################    14
   70- 79 | ######################################## 15
   80- 89 | #############################            11
   90- 99 | #############################            11
  100-110 | #############                            5
  111-120 | ################################         12
  121-130 | #############################            11
  131-140 | ######################################## 15
  141-150 | ########                                 3
  151-160 | ################                         6
  161-170 | #####################                    8
  171-180 | ########################                 9
  181-190 | ################                         6
  191-200 | ###########################              10 

[f.star1]
  (expected 10.0 per bin, uniform)
    0-  9 | ###########################              10
   10- 19 | ###################                      7
   20- 29 | ################################         12
   30- 39 | #############                            5
   40- 49 | ###################################      13
   50- 59 | #####################################    14
   60- 69 | ################################         12
   70- 79 | #############################            11
   80- 89 | ######################################## 15
   90- 99 | ########                                 3
  100-110 | ########################                 9
  111-120 | #####################                    8
  121-130 | #####################                    8
  131-140 | ###################                      7
  141-150 | ###################                      7
  151-160 | ###########################              10
  161-170 | ########################                 9
  171-180 | ###################################      13
  181-190 | ################################         12
  191-200 | ######################################## 15 

[f.star2]
  (expected 10.0 per bin, uniform)
    0-  9 | ################################         13
   10- 19 | ############                             5
   20- 29 | ##############################           12
   30- 39 | ##################                       7
   40- 49 | ####################                     8
   50- 59 | ######################                   9
   60- 69 | ###################################      14
   70- 79 | ##################                       7
   80- 89 | #########################                10
   90- 99 | ######################                   9
  100-110 | ############                             5
  111-120 | ######################################## 16
  121-130 | ######################                   9
  131-140 | ##############################           12
  141-150 | ######################                   9
  151-160 | ######################                   9
  161-170 | ###################################      14
  171-180 | ############################             11
  181-190 | ############################             11
  191-200 | #########################                10 

[f.star3]
  (expected 10.0 per bin, uniform)
    0-  9 | ######################################## 15
   10- 19 | ################                         6
   20- 29 | ###################################      13
   30- 39 | #############################            11
   40- 49 | ###################################      13
   50- 59 | ###################################      13
   60- 69 | ######################################## 15
   70- 79 | ###########################              10
   80- 89 | #####################                    8
   90- 99 | ########################                 9
  100-110 | ###################                      7
  111-120 | ########################                 9
  121-130 | ###########################              10
  131-140 | ################################         12
  141-150 | #############                            5
  151-160 | ################################         12
  161-170 | ###################                      7
  171-180 | ########################                 9
  181-190 | #####################                    8
  191-200 | #####################                    8 

[f.star4]
  (expected 10.0 per bin, uniform)
    0-  9 | ##############                           7
   10- 19 | ######################################## 20
   20- 29 | ################                         8
   30- 39 | ##############                           7
   40- 49 | ##########                               5
   50- 59 | ##########                               5
   60- 69 | ######################                   11
   70- 79 | ################                         8
   80- 89 | ##########################               13
   90- 99 | ####################                     10
  100-110 | ############                             6
  111-120 | ##########                               5
  121-130 | ######################################   19
  131-140 | ################################         16
  141-150 | ########################                 12
  151-160 | ######################                   11
  161-170 | ####################                     10
  171-180 | ##########                               5
  181-190 | ####################                     10
  191-200 | ########################                 12 

[f.star5]
  (expected 10.0 per bin, uniform)
    0-  9 | ###################                      8
   10- 19 | ######################################## 17
   20- 29 | ######################################## 17
   30- 39 | ##########################               11
   40- 49 | ############################             12
   50- 59 | ########################                 10
   60- 69 | ##########################               11
   70- 79 | ###################                      8
   80- 89 | ################                         7
   90- 99 | #########                                4
  100-110 | ########################                 10
  111-120 | ############################             12
  121-130 | ###################                      8
  131-140 | ###################                      8
  141-150 | ################                         7
  151-160 | ###################                      8
  161-170 | ############################             12
  171-180 | #################################        14
  181-190 | ############################             12
  191-200 | #########                                4 

DONE probit elapsed 3190.1s
