START gaussian 16:11:03
START probit 16:11:03
START logistic 16:11:03
END   gaussian 17:01:39 exit=0
START ordinal 17:01:39
END   probit 17:04:14 exit=0
START nbinom 17:04:14
END   logistic 17:12:01 exit=0
START multinom 17:12:01
END   ordinal 17:25:45 exit=0
START t 17:25:45
END   multinom 17:33:03 exit=0
START weighted 17:33:03
END   t 17:35:14 exit=0
START grouped-gaussian 17:35:14
END   nbinom 18:08:34 exit=0
START grouped-probit 18:08:34
END   weighted 18:14:43 exit=0
START bcf 18:14:43
END   grouped-gaussian 18:18:14 exit=0
START ladder ordinal thin=90 R=100 18:33:48
END   grouped-probit 18:53:21 exit=0
START ladder gaussian thin=90 R=100 18:58:07
END   ladder ordinal thin=90 19:09:43 exit=0
END   bcf 19:11:58 exit=0
ALL DONE 19:11:58
START ladder bcf thin=90 R=100 19:19:01
END   ladder gaussian thin=90 19:23:31 exit=0
END   ladder bcf thin=90 19:54:18 exit=0
