== arm t  nTrees=200 n=150 R=200 L=150 thin=30 ==
  predict vs recorded latent: train 5.77e-15 test 0.00e+00
  self-checks: sigma PASS grid PASS latent PASS
  [t] rep 25/200  70.7s elapsed  2.83s/rep
  [t] rep 50/200  142.5s elapsed  2.85s/rep
  [t] rep 75/200  213.5s elapsed  2.85s/rep
  [t] rep 100/200  284.4s elapsed  2.84s/rep
  [t] rep 125/200  355.1s elapsed  2.84s/rep
  [t] rep 150/200  426.2s elapsed  2.84s/rep
  [t] rep 175/200  497.6s elapsed  2.84s/rep
  [t] rep 200/200  568.7s elapsed  2.84s/rep

SBC report: family=t n=150 p=3 nTrees=200 | R=200 L=150 thin=30 burn=400
wall-clock: 568.7s total, 2.844s/rep; band alpha = 0.05000

functional   chisqP      ksP  ecdfDiff     band verdict
sigma         0.383    0.829    0.0400   0.0924   PASS
nu            0.697    0.685    0.0490   0.0924   PASS
avg.f         0.063    0.202    0.0725   0.0924   PASS
agg.f.star    0.760    0.666    0.0485   0.0924   PASS

Rank histograms:

[sigma]
  (expected 10.0 per bin, uniform)
    0-  7 | ####################                     9
    8- 14 | ####################                     9
   15- 22 | ######################                   10
   23- 29 | ##################                       8
   30- 37 | ####################                     9
   38- 44 | ###########################              12
   45- 52 | ########################                 11
   53- 59 | ######################################## 18
   60- 67 | ################                         7
   68- 75 | ####################                     9
   76- 82 | ####################                     9
   83- 90 | ################                         7
   91- 97 | ###########################              12
   98-105 | ##################                       8
  106-112 | ###########                              5
  113-120 | ###########################              12
  121-127 | ####################################     16
  128-135 | ###############################          14
  136-142 | ####################                     9
  143-150 | #############                            6 

[nu]
  (expected 10.0 per bin, uniform)
    0-  7 | #########################                10
    8- 14 | ##############################           12
   15- 22 | ###############                          6
   23- 29 | ################################         13
   30- 37 | ############################             11
   38- 44 | ################################         13
   45- 52 | ####################                     8
   53- 59 | ####################                     8
   60- 67 | ######################################## 16
   68- 75 | #########################                10
   76- 82 | ############################             11
   83- 90 | ############################             11
   91- 97 | ##########                               4
   98-105 | ############################             11
  106-112 | ################################         13
  113-120 | ######################                   9
  121-127 | ############################             11
  128-135 | ####################                     8
  136-142 | ######################                   9
  143-150 | ###############                          6 

[avg.f]
  (expected 10.0 per bin, uniform)
    0-  7 | ###############################          14
    8- 14 | ###########################              12
   15- 22 | ###########################              12
   23- 29 | ################                         7
   30- 37 | #########                                4
   38- 44 | #########                                4
   45- 52 | ####################                     9
   53- 59 | ####################################     16
   60- 67 | #############                            6
   68- 75 | ##################                       8
   76- 82 | ###########################              12
   83- 90 | #########                                4
   91- 97 | ###########################              12
   98-105 | ###########################              12
  106-112 | ###########################              12
  113-120 | ###########################              12
  121-127 | ######################                   10
  128-135 | ####################                     9
  136-142 | ######################################## 18
  143-150 | ################                         7 

[agg.f.star]
  (expected 10.0 per bin, uniform)
    0-  7 | ######################################   15
    8- 14 | ############################             11
   15- 22 | #########################                10
   23- 29 | ######################                   9
   30- 37 | ######################################   15
   38- 44 | ####################                     8
   45- 52 | ##################                       7
   53- 59 | ####################                     8
   60- 67 | ####################                     8
   68- 75 | ####################                     8
   76- 82 | ################################         13
   83- 90 | #########################                10
   91- 97 | ##################                       7
   98-105 | ##################                       7
  106-112 | ####################                     8
  113-120 | #########################                10
  121-127 | #########################                10
  128-135 | #########################                10
  136-142 | ######################################## 16
  143-150 | #########################                10 

DONE t elapsed 568.7s
