== arm weighted  nTrees=200 n=150 R=200 L=200 thin=30 ==
  self-checks: sigma PASS
  [gaussian] rep 25/200  317.2s elapsed  12.69s/rep
  [gaussian] rep 50/200  629.1s elapsed  12.58s/rep
  [gaussian] rep 75/200  940.8s elapsed  12.54s/rep
  [gaussian] rep 100/200  1255.2s elapsed  12.55s/rep
  [gaussian] rep 125/200  1565.6s elapsed  12.53s/rep
  [gaussian] rep 150/200  1877.7s elapsed  12.52s/rep
  [gaussian] rep 175/200  2189.6s elapsed  12.51s/rep
  [gaussian] rep 200/200  2499.5s elapsed  12.50s/rep

SBC report: family=gaussian n=150 p=3 nTrees=200 | R=200 L=200 thin=30 burn=2400
wall-clock: 2499.5s total, 12.497s/rep; band alpha = 0.05000

functional   chisqP      ksP  ecdfDiff     band verdict
avg.f         0.047    0.309    0.0657   0.0917   PASS
f.star1       0.942    0.982    0.0326   0.0917   PASS
f.star2       0.549    0.640    0.0514   0.0917   PASS
f.star3       0.817    0.831    0.0406   0.0917   PASS
f.star4       0.509    0.652    0.0489   0.0917   PASS
f.star5       0.161    0.427    0.0602   0.0917   PASS
sigma         0.902    0.962    0.0316   0.0917   PASS

Rank histograms:

[avg.f]
  (expected 10.0 per bin, uniform)
    0-  9 | #######################                  11
   10- 19 | ######################################## 19
   20- 29 | ###########################              13
   30- 39 | ###################                      9
   40- 49 | #################                        8
   50- 59 | ###############                          7
   60- 69 | #########################                12
   70- 79 | ###########                              5
   80- 89 | ########                                 4
   90- 99 | #########################                12
  100-110 | #########################                12
  111-120 | #########################                12
  121-130 | ########                                 4
  131-140 | #########################                12
  141-150 | ###########                              5
  151-160 | #########################                12
  161-170 | #################                        8
  171-180 | #########################                12
  181-190 | ##################################       16
  191-200 | ###############                          7 

[f.star1]
  (expected 10.0 per bin, uniform)
    0-  9 | ######################                   7
   10- 19 | ##################################       11
   20- 29 | #####################################    12
   30- 39 | ######################################## 13
   40- 49 | ############################             9
   50- 59 | ############################             9
   60- 69 | ######################################## 13
   70- 79 | #########################                8
   80- 89 | ##################                       6
   90- 99 | #####################################    12
  100-110 | ##################################       11
  111-120 | ######################                   7
  121-130 | ######################################## 13
  131-140 | ######################                   7
  141-150 | ###############################          10
  151-160 | #####################################    12
  161-170 | ##################################       11
  171-180 | #####################################    12
  181-190 | ###############################          10
  191-200 | ######################                   7 

[f.star2]
  (expected 10.0 per bin, uniform)
    0-  9 | ####################                     8
   10- 19 | ##############################           12
   20- 29 | ######################################## 16
   30- 39 | ############################             11
   40- 49 | ############################             11
   50- 59 | ############################             11
   60- 69 | ########                                 3
   70- 79 | ######################                   9
   80- 89 | ################################         13
   90- 99 | ##############################           12
  100-110 | ############################             11
  111-120 | ####################                     8
  121-130 | ##############################           12
  131-140 | ###############                          6
  141-150 | ############################             11
  151-160 | ####################                     8
  161-170 | ############                             5
  171-180 | ############################             11
  181-190 | ################################         13
  191-200 | ######################                   9 

[f.star3]
  (expected 10.0 per bin, uniform)
    0-  9 | ###################################      13
   10- 19 | #####################################    14
   20- 29 | ###########################              10
   30- 39 | ###########################              10
   40- 49 | ###########################              10
   50- 59 | ###########                              4
   60- 69 | ################################         12
   70- 79 | ########################                 9
   80- 89 | ########################                 9
   90- 99 | ########################                 9
  100-110 | #####################                    8
  111-120 | #####################################    14
  121-130 | ###################                      7
  131-140 | ########################                 9
  141-150 | ###########################              10
  151-160 | ######################################## 15
  161-170 | ###########################              10
  171-180 | #############################            11
  181-190 | ########################                 9
  191-200 | ###################                      7 

[f.star4]
  (expected 10.0 per bin, uniform)
    0-  9 | ################################         13
   10- 19 | ############################             11
   20- 29 | ##################                       7
   30- 39 | #########################                10
   40- 49 | ##################                       7
   50- 59 | ######################                   9
   60- 69 | ######################                   9
   70- 79 | ##############################           12
   80- 89 | ######################################## 16
   90- 99 | ###################################      14
  100-110 | #########################                10
  111-120 | #########################                10
  121-130 | ############                             5
  131-140 | #########################                10
  141-150 | ######################################## 16
  151-160 | ####################                     8
  161-170 | ############                             5
  171-180 | ######################                   9
  181-190 | ############################             11
  191-200 | ####################                     8 

[f.star5]
  (expected 10.0 per bin, uniform)
    0-  9 | ############################             14
   10- 19 | ##########                               5
   20- 29 | ############                             6
   30- 39 | ################                         8
   40- 49 | ####################                     10
   50- 59 | ##########################               13
   60- 69 | ##################                       9
   70- 79 | ######################                   11
   80- 89 | ##################                       9
   90- 99 | ############################             14
  100-110 | ######################                   11
  111-120 | ##############                           7
  121-130 | ########################                 12
  131-140 | ############                             6
  141-150 | ########################                 12
  151-160 | ##########                               5
  161-170 | ##################                       9
  171-180 | ##################                       9
  181-190 | ####################                     10
  191-200 | ######################################## 20 

[sigma]
  (expected 10.0 per bin, uniform)
    0-  9 | ####################                     8
   10- 19 | ######################                   9
   20- 29 | #########################                10
   30- 39 | #########################                10
   40- 49 | ############################             11
   50- 59 | #########################                10
   60- 69 | ###################################      14
   70- 79 | ####################                     8
   80- 89 | ############################             11
   90- 99 | ##################                       7
  100-110 | ######################################## 16
  111-120 | ##################                       7
  121-130 | ###############                          6
  131-140 | ####################                     8
  141-150 | #########################                10
  151-160 | ################################         13
  161-170 | #########################                10
  171-180 | ##############################           12
  181-190 | ######################                   9
  191-200 | ############################             11 

DONE weighted elapsed 2499.5s
